Archive member included because of file (symbol)

/Applications/KDS_v3.app/Contents/toolchain/bin/../lib/gcc/arm-none-eabi/4.8.4/../../../../arm-none-eabi/lib/armv7e-m/fpu/libm.a(lib_a-s_modf.o)
                              ./utilities/fsl_debug_console.o (modf)
/Applications/KDS_v3.app/Contents/toolchain/bin/../lib/gcc/arm-none-eabi/4.8.4/../../../../arm-none-eabi/lib/armv7e-m/fpu/libm.a(lib_a-w_pow.o)
                              ./utilities/fsl_debug_console.o (pow)
/Applications/KDS_v3.app/Contents/toolchain/bin/../lib/gcc/arm-none-eabi/4.8.4/../../../../arm-none-eabi/lib/armv7e-m/fpu/libm.a(lib_a-e_pow.o)
                              /Applications/KDS_v3.app/Contents/toolchain/bin/../lib/gcc/arm-none-eabi/4.8.4/../../../../arm-none-eabi/lib/armv7e-m/fpu/libm.a(lib_a-w_pow.o) (__ieee754_pow)
/Applications/KDS_v3.app/Contents/toolchain/bin/../lib/gcc/arm-none-eabi/4.8.4/../../../../arm-none-eabi/lib/armv7e-m/fpu/libm.a(lib_a-e_sqrt.o)
                              /Applications/KDS_v3.app/Contents/toolchain/bin/../lib/gcc/arm-none-eabi/4.8.4/../../../../arm-none-eabi/lib/armv7e-m/fpu/libm.a(lib_a-e_pow.o) (__ieee754_sqrt)
/Applications/KDS_v3.app/Contents/toolchain/bin/../lib/gcc/arm-none-eabi/4.8.4/../../../../arm-none-eabi/lib/armv7e-m/fpu/libm.a(lib_a-s_fabs.o)
                              /Applications/KDS_v3.app/Contents/toolchain/bin/../lib/gcc/arm-none-eabi/4.8.4/../../../../arm-none-eabi/lib/armv7e-m/fpu/libm.a(lib_a-e_pow.o) (fabs)
/Applications/KDS_v3.app/Contents/toolchain/bin/../lib/gcc/arm-none-eabi/4.8.4/../../../../arm-none-eabi/lib/armv7e-m/fpu/libm.a(lib_a-s_finite.o)
                              /Applications/KDS_v3.app/Contents/toolchain/bin/../lib/gcc/arm-none-eabi/4.8.4/../../../../arm-none-eabi/lib/armv7e-m/fpu/libm.a(lib_a-w_pow.o) (finite)
/Applications/KDS_v3.app/Contents/toolchain/bin/../lib/gcc/arm-none-eabi/4.8.4/../../../../arm-none-eabi/lib/armv7e-m/fpu/libm.a(lib_a-s_fpclassify.o)
                              /Applications/KDS_v3.app/Contents/toolchain/bin/../lib/gcc/arm-none-eabi/4.8.4/../../../../arm-none-eabi/lib/armv7e-m/fpu/libm.a(lib_a-w_pow.o) (__fpclassifyd)
/Applications/KDS_v3.app/Contents/toolchain/bin/../lib/gcc/arm-none-eabi/4.8.4/../../../../arm-none-eabi/lib/armv7e-m/fpu/libm.a(lib_a-s_lib_ver.o)
                              /Applications/KDS_v3.app/Contents/toolchain/bin/../lib/gcc/arm-none-eabi/4.8.4/../../../../arm-none-eabi/lib/armv7e-m/fpu/libm.a(lib_a-w_pow.o) (__fdlib_version)
/Applications/KDS_v3.app/Contents/toolchain/bin/../lib/gcc/arm-none-eabi/4.8.4/../../../../arm-none-eabi/lib/armv7e-m/fpu/libm.a(lib_a-s_matherr.o)
                              /Applications/KDS_v3.app/Contents/toolchain/bin/../lib/gcc/arm-none-eabi/4.8.4/../../../../arm-none-eabi/lib/armv7e-m/fpu/libm.a(lib_a-w_pow.o) (matherr)
/Applications/KDS_v3.app/Contents/toolchain/bin/../lib/gcc/arm-none-eabi/4.8.4/../../../../arm-none-eabi/lib/armv7e-m/fpu/libm.a(lib_a-s_nan.o)
                              /Applications/KDS_v3.app/Contents/toolchain/bin/../lib/gcc/arm-none-eabi/4.8.4/../../../../arm-none-eabi/lib/armv7e-m/fpu/libm.a(lib_a-e_pow.o) (nan)
/Applications/KDS_v3.app/Contents/toolchain/bin/../lib/gcc/arm-none-eabi/4.8.4/../../../../arm-none-eabi/lib/armv7e-m/fpu/libm.a(lib_a-s_rint.o)
                              /Applications/KDS_v3.app/Contents/toolchain/bin/../lib/gcc/arm-none-eabi/4.8.4/../../../../arm-none-eabi/lib/armv7e-m/fpu/libm.a(lib_a-w_pow.o) (rint)
/Applications/KDS_v3.app/Contents/toolchain/bin/../lib/gcc/arm-none-eabi/4.8.4/../../../../arm-none-eabi/lib/armv7e-m/fpu/libm.a(lib_a-s_scalbn.o)
                              /Applications/KDS_v3.app/Contents/toolchain/bin/../lib/gcc/arm-none-eabi/4.8.4/../../../../arm-none-eabi/lib/armv7e-m/fpu/libm.a(lib_a-e_pow.o) (scalbn)
/Applications/KDS_v3.app/Contents/toolchain/bin/../lib/gcc/arm-none-eabi/4.8.4/../../../../arm-none-eabi/lib/armv7e-m/fpu/libm.a(lib_a-s_copysign.o)
                              /Applications/KDS_v3.app/Contents/toolchain/bin/../lib/gcc/arm-none-eabi/4.8.4/../../../../arm-none-eabi/lib/armv7e-m/fpu/libm.a(lib_a-s_scalbn.o) (copysign)
/Applications/KDS_v3.app/Contents/toolchain/bin/../lib/gcc/arm-none-eabi/4.8.4/../../../../arm-none-eabi/lib/armv7e-m/fpu/libg_s.a(lib_a-errno.o)
                              ./utilities/fsl_sbrk.o (__errno)
/Applications/KDS_v3.app/Contents/toolchain/bin/../lib/gcc/arm-none-eabi/4.8.4/../../../../arm-none-eabi/lib/armv7e-m/fpu/libg_s.a(lib_a-exit.o)
                              /Applications/KDS_v3.app/Contents/toolchain/bin/../lib/gcc/arm-none-eabi/4.8.4/../../../../arm-none-eabi/lib/armv7e-m/fpu/crt0.o (exit)
/Applications/KDS_v3.app/Contents/toolchain/bin/../lib/gcc/arm-none-eabi/4.8.4/../../../../arm-none-eabi/lib/armv7e-m/fpu/libg_s.a(lib_a-impure.o)
                              /Applications/KDS_v3.app/Contents/toolchain/bin/../lib/gcc/arm-none-eabi/4.8.4/../../../../arm-none-eabi/lib/armv7e-m/fpu/libg_s.a(lib_a-exit.o) (_global_impure_ptr)
[...]
Memory Configuration

Name             Origin             Length             Attributes
m_interrupts     0x0000000000000000 0x0000000000000400 xr
m_flash_config   0x0000000000000400 0x0000000000000010 xr
m_text           0x0000000000000410 0x00000000000ffbf0 xr
m_data           0x000000001fff0000 0x0000000000010000 rw
m_data_2         0x0000000020000000 0x0000000000030000 rw
*default*        0x0000000000000000 0xffffffffffffffff

Linker script and memory map

LOAD /Applications/KDS_v3.app/Contents/toolchain/bin/../lib/gcc/arm-none-eabi/4.8.4/armv7e-m/fpu/crti.o
LOAD /Applications/KDS_v3.app/Contents/toolchain/bin/../lib/gcc/arm-none-eabi/4.8.4/armv7e-m/fpu/crtbegin.o
LOAD /Applications/KDS_v3.app/Contents/toolchain/bin/../lib/gcc/arm-none-eabi/4.8.4/../../../../arm-none-eabi/lib/armv7e-m/fpu/crt0.o
                0x0000000000000001                __ram_vector_table__ = 0x1
START GROUP
LOAD ./utilities/fsl_debug_console.o
LOAD ./utilities/fsl_sbrk.o
LOAD ./startup/startup_MK64F12.o
LOAD ./startup/system_MK64F12.o
LOAD ./source/lwip_tcpecho_freertos.o
LOAD ./lwip/src/netif/ppp/auth.o
LOAD ./lwip/src/netif/ppp/chap.o
LOAD ./lwip/src/netif/ppp/chpms.o
LOAD ./lwip/src/netif/ppp/fsm.o
LOAD ./lwip/src/netif/ppp/ipcp.o
LOAD ./lwip/src/netif/ppp/lcp.o
LOAD ./lwip/src/netif/ppp/magic.o
LOAD ./lwip/src/netif/ppp/pap.o
LOAD ./lwip/src/netif/ppp/ppp.o
LOAD ./lwip/src/netif/ppp/ppp_md5.o
LOAD ./lwip/src/netif/ppp/ppp_oe.o
LOAD ./lwip/src/netif/ppp/randm.o
LOAD ./lwip/src/netif/ppp/vj.o
LOAD ./lwip/src/netif/etharp.o
LOAD ./lwip/src/netif/slipif.o
LOAD ./lwip/src/core/snmp/asn1_dec.o
LOAD ./lwip/src/core/snmp/asn1_enc.o
LOAD ./lwip/src/core/snmp/mib2.o
LOAD ./lwip/src/core/snmp/mib_structs.o
LOAD ./lwip/src/core/snmp/msg_in.o
LOAD ./lwip/src/core/snmp/msg_out.o
LOAD ./lwip/src/core/ipv4/autoip.o
LOAD ./lwip/src/core/ipv4/icmp.o
LOAD ./lwip/src/core/ipv4/igmp.o
LOAD ./lwip/src/core/ipv4/inet.o
LOAD ./lwip/src/core/ipv4/inet_chksum.o
LOAD ./lwip/src/core/ipv4/ip.o
LOAD ./lwip/src/core/ipv4/ip_addr.o
LOAD ./lwip/src/core/ipv4/ip_frag.o
LOAD ./lwip/src/core/def.o
LOAD ./lwip/src/core/dhcp.o
LOAD ./lwip/src/core/dns.o
LOAD ./lwip/src/core/init.o
LOAD ./lwip/src/core/lwip_timers.o
LOAD ./lwip/src/core/mem.o
LOAD ./lwip/src/core/memp.o
LOAD ./lwip/src/core/netif.o
LOAD ./lwip/src/core/pbuf.o
LOAD ./lwip/src/core/raw.o
LOAD ./lwip/src/core/stats.o
LOAD ./lwip/src/core/sys.o
LOAD ./lwip/src/core/tcp.o
LOAD ./lwip/src/core/tcp_in.o
LOAD ./lwip/src/core/tcp_out.o
LOAD ./lwip/src/core/udp.o
LOAD ./lwip/src/api/api_lib.o
LOAD ./lwip/src/api/api_msg.o
LOAD ./lwip/src/api/err.o
LOAD ./lwip/src/api/netbuf.o
LOAD ./lwip/src/api/netdb.o
LOAD ./lwip/src/api/netifapi.o
LOAD ./lwip/src/api/sockets.o
LOAD ./lwip/src/api/tcpip.o
LOAD ./lwip/port/ethernetif.o
LOAD ./lwip/port/sys_arch.o
LOAD ./freertos/portable/port.o
LOAD ./freertos/croutine.o
LOAD ./freertos/event_groups.o
LOAD ./freertos/heap_4.o
LOAD ./freertos/list.o
LOAD ./freertos/queue.o
LOAD ./freertos/tasks.o
LOAD ./freertos/timers.o
LOAD ./drivers/fsl_clock.o
LOAD ./drivers/fsl_common.o
LOAD ./drivers/fsl_enet.o
LOAD ./drivers/fsl_gpio.o
LOAD ./drivers/fsl_sim.o
LOAD ./drivers/fsl_smc.o
LOAD ./drivers/fsl_uart.o
LOAD ./board/board.o
LOAD ./board/clock_config.o
LOAD ./board/fsl_phy.o
LOAD ./board/pin_mux.o
LOAD /Applications/KDS_v3.app/Contents/toolchain/bin/../lib/gcc/arm-none-eabi/4.8.4/../../../../arm-none-eabi/lib/armv7e-m/fpu/libm.a
LOAD /Applications/KDS_v3.app/Contents/toolchain/bin/../lib/gcc/arm-none-eabi/4.8.4/../../../../arm-none-eabi/lib/armv7e-m/fpu/libg_s.a
LOAD /Applications/KDS_v3.app/Contents/toolchain/bin/../lib/gcc/arm-none-eabi/4.8.4/armv7e-m/fpu/libgcc.a
LOAD /Applications/KDS_v3.app/Contents/toolchain/bin/../lib/gcc/arm-none-eabi/4.8.4/../../../../arm-none-eabi/lib/armv7e-m/fpu/libnosys.a
END GROUP
START GROUP
LOAD /Applications/KDS_v3.app/Contents/toolchain/bin/../lib/gcc/arm-none-eabi/4.8.4/armv7e-m/fpu/libgcc.a
LOAD /Applications/KDS_v3.app/Contents/toolchain/bin/../lib/gcc/arm-none-eabi/4.8.4/../../../../arm-none-eabi/lib/armv7e-m/fpu/libg_s.a
LOAD /Applications/KDS_v3.app/Contents/toolchain/bin/../lib/gcc/arm-none-eabi/4.8.4/../../../../arm-none-eabi/lib/armv7e-m/fpu/libc_s.a
END GROUP
START GROUP
LOAD /Applications/KDS_v3.app/Contents/toolchain/bin/../lib/gcc/arm-none-eabi/4.8.4/armv7e-m/fpu/libgcc.a
LOAD /Applications/KDS_v3.app/Contents/toolchain/bin/../lib/gcc/arm-none-eabi/4.8.4/../../../../arm-none-eabi/lib/armv7e-m/fpu/libc_s.a
END GROUP
LOAD /Applications/KDS_v3.app/Contents/toolchain/bin/../lib/gcc/arm-none-eabi/4.8.4/armv7e-m/fpu/crtend.o
LOAD /Applications/KDS_v3.app/Contents/toolchain/bin/../lib/gcc/arm-none-eabi/4.8.4/armv7e-m/fpu/crtn.o
                0x0000000000001000                HEAP_SIZE = DEFINED (__heap_size__)?__heap_size__:0x1000
                0x0000000000000400                STACK_SIZE = DEFINED (__stack_size__)?__stack_size__:0x400
                0x0000000000000000                M_VECTOR_RAM_SIZE = DEFINED (__ram_vector_table__)?0x400:0x0

.interrupts     0x0000000000000000      0x400
                0x0000000000000000                __VECTOR_TABLE = .
                0x0000000000000000                . = ALIGN (0x4)
 *(.isr_vector)
 .isr_vector    0x0000000000000000      0x400 ./startup/startup_MK64F12.o
                0x0000000000000000                __isr_vector
                0x0000000000000400                . = ALIGN (0x4)

.flash_config   0x0000000000000400       0x10
                0x0000000000000400                . = ALIGN (0x4)
 *(.FlashConfig)
 .FlashConfig   0x0000000000000400       0x10 ./startup/startup_MK64F12.o
                0x0000000000000410                . = ALIGN (0x4)

.text           0x0000000000000410    0x16fc0
                0x0000000000000410                . = ALIGN (0x4)
 *(.text)
 .text          0x0000000000000410       0x54 /Applications/KDS_v3.app/Contents/toolchain/bin/../lib/gcc/arm-none-eabi/4.8.4/armv7e-m/fpu/crtbegin.o
 .text          0x0000000000000464       0x74 /Applications/KDS_v3.app/Contents/toolchain/bin/../lib/gcc/arm-none-eabi/4.8.4/../../../../arm-none-eabi/lib/armv7e-m/fpu/crt0.o
                0x0000000000000464                _mainCRTStartup
                0x0000000000000464                _start
 .text          0x00000000000004d8      0x1fc ./startup/startup_MK64F12.o
                0x00000000000004d8                Reset_Handler
                0x0000000000000534                DebugMon_Handler
                0x0000000000000534                PORTC_IRQHandler
                0x0000000000000534                DMA0_DriverIRQHandler
                0x0000000000000534                DMA12_DriverIRQHandler
                0x0000000000000534                SPI1_DriverIRQHandler
                0x0000000000000534                DMA_Error_DriverIRQHandler
                0x0000000000000534                CMP0_IRQHandler
                0x0000000000000534                FTFE_IRQHandler
                0x0000000000000534                UART0_LON_DriverIRQHandler
                0x0000000000000534                I2C1_DriverIRQHandler
                0x0000000000000534                DMA1_DriverIRQHandler
                0x0000000000000534                DMA7_DriverIRQHandler
                0x0000000000000534                I2C0_DriverIRQHandler
                0x0000000000000534                ENET_Transmit_DriverIRQHandler
                0x0000000000000534                DMA2_DriverIRQHandler
                0x0000000000000534                SDHC_DriverIRQHandler
                0x0000000000000534                PIT0_IRQHandler
                0x0000000000000534                UART1_ERR_DriverIRQHandler
                0x0000000000000534                CMP2_IRQHandler
                0x0000000000000534                LLWU_IRQHandler
                0x0000000000000534                I2S0_Tx_DriverIRQHandler
                0x0000000000000534                DMA6_DriverIRQHandler
                0x0000000000000534                BusFault_Handler
                0x0000000000000534                ENET_1588_Timer_DriverIRQHandler
                0x0000000000000534                I2C2_DriverIRQHandler
                0x0000000000000534                SWI_IRQHandler
                0x0000000000000534                ADC0_IRQHandler
                0x0000000000000534                UsageFault_Handler
                0x0000000000000534                LPTMR0_IRQHandler
                0x0000000000000534                CMT_IRQHandler
                0x0000000000000534                FTM2_IRQHandler
                0x0000000000000534                PORTE_IRQHandler
                0x0000000000000534                DefaultISR
                0x0000000000000534                FTM3_IRQHandler
                0x0000000000000534                UART5_ERR_DriverIRQHandler
                0x0000000000000534                CAN0_DriverIRQHandler
                0x0000000000000534                DMA11_DriverIRQHandler
                0x0000000000000534                CMP1_IRQHandler
                0x0000000000000534                Reserved71_IRQHandler
                0x0000000000000534                PORTD_IRQHandler
                0x0000000000000534                PORTB_IRQHandler
                0x0000000000000534                DMA10_DriverIRQHandler
                0x0000000000000534                MCM_IRQHandler
                0x0000000000000534                UART2_ERR_DriverIRQHandler
                0x0000000000000534                SPI2_DriverIRQHandler
                0x0000000000000534                ADC1_IRQHandler
                0x0000000000000534                DMA5_DriverIRQHandler
                0x0000000000000534                DMA4_DriverIRQHandler
                0x0000000000000534                DAC1_IRQHandler
                0x0000000000000534                PIT2_IRQHandler
                0x0000000000000534                PORTA_IRQHandler
                0x0000000000000534                FTM0_IRQHandler
                0x0000000000000534                RTC_IRQHandler
                0x0000000000000534                UART3_ERR_DriverIRQHandler
                0x0000000000000534                PDB0_IRQHandler
                0x0000000000000534                FTM1_IRQHandler
                0x0000000000000534                LVD_LVW_IRQHandler
                0x0000000000000534                PIT1_IRQHandler
                0x0000000000000534                DMA3_DriverIRQHandler
                0x0000000000000534                PIT3_IRQHandler
                0x0000000000000534                SPI0_DriverIRQHandler
                0x0000000000000534                RTC_Seconds_IRQHandler
                0x0000000000000534                MCG_IRQHandler
                0x0000000000000534                RNG_IRQHandler
                0x0000000000000534                DMA9_DriverIRQHandler
                0x0000000000000534                DMA8_DriverIRQHandler
                0x0000000000000534                UART0_ERR_DriverIRQHandler
                0x0000000000000534                DMA15_DriverIRQHandler
                0x0000000000000534                ENET_Error_DriverIRQHandler
                0x0000000000000534                DMA13_DriverIRQHandler
                0x0000000000000534                Read_Collision_IRQHandler
                0x0000000000000534                DMA14_DriverIRQHandler
                0x0000000000000534                DAC0_IRQHandler
                0x0000000000000534                USBDCD_IRQHandler
                0x0000000000000534                I2S0_Rx_DriverIRQHandler
                0x0000000000000534                USB0_IRQHandler
                0x0000000000000534                ENET_Receive_DriverIRQHandler
                0x0000000000000534                UART4_ERR_DriverIRQHandler
                0x0000000000000534                WDOG_EWM_IRQHandler
                0x0000000000000534                MemManage_Handler
                0x0000000000000538                NMI_Handler
                0x000000000000053c                HardFault_Handler
                0x000000000000054c                DMA0_IRQHandler
                0x0000000000000550                DMA1_IRQHandler
                0x0000000000000554                DMA2_IRQHandler
                0x0000000000000558                DMA3_IRQHandler
                0x000000000000055c                DMA4_IRQHandler
                0x0000000000000560                DMA5_IRQHandler
                0x0000000000000564                DMA6_IRQHandler
                0x0000000000000568                DMA7_IRQHandler
                0x000000000000056c                DMA8_IRQHandler
                0x0000000000000570                DMA9_IRQHandler
                0x0000000000000574                DMA10_IRQHandler
                0x0000000000000578                DMA11_IRQHandler
                0x000000000000057c                DMA12_IRQHandler
                0x0000000000000580                DMA13_IRQHandler
                0x0000000000000584                DMA14_IRQHandler
                0x0000000000000588                DMA15_IRQHandler
                0x000000000000058c                DMA_Error_IRQHandler
                0x0000000000000590                I2C0_IRQHandler
                0x0000000000000594                I2C1_IRQHandler
                0x0000000000000598                SPI0_IRQHandler
                0x000000000000059c                SPI1_IRQHandler
                0x00000000000005a0                I2S0_Tx_IRQHandler
                0x00000000000005a4                I2S0_Rx_IRQHandler
                0x00000000000005a8                UART0_LON_IRQHandler
                0x00000000000005ac                UART0_RX_TX_IRQHandler
                0x00000000000005b0                UART0_ERR_IRQHandler
                0x00000000000005b4                UART1_RX_TX_IRQHandler
                0x00000000000005b8                UART1_ERR_IRQHandler
                0x00000000000005bc                UART2_RX_TX_IRQHandler
                0x00000000000005c0                UART2_ERR_IRQHandler
                0x00000000000005c4                UART3_RX_TX_IRQHandler
                0x00000000000005c8                UART3_ERR_IRQHandler
                0x00000000000005cc                SPI2_IRQHandler
                0x00000000000005d0                UART4_RX_TX_IRQHandler
                0x00000000000005d4                UART4_ERR_IRQHandler
                0x00000000000005d8                UART5_RX_TX_IRQHandler
                0x00000000000005dc                UART5_ERR_IRQHandler
                0x00000000000005e0                I2C2_IRQHandler
                0x00000000000005e4                CAN0_ORed_Message_buffer_IRQHandler
                0x00000000000005e8                CAN0_Bus_Off_IRQHandler
                0x00000000000005ec                CAN0_Error_IRQHandler
                0x00000000000005f0                CAN0_Tx_Warning_IRQHandler
                0x00000000000005f4                CAN0_Rx_Warning_IRQHandler
                0x00000000000005f8                CAN0_Wake_Up_IRQHandler
                0x00000000000005fc                SDHC_IRQHandler
 .text          0x00000000000006d4      0x370 /Applications/KDS_v3.app/Contents/toolchain/bin/../lib/gcc/arm-none-eabi/4.8.4/armv7e-m/fpu/libgcc.a(_arm_addsubdf3.o)
                0x00000000000006d4                __aeabi_drsub
                0x00000000000006dc                __subdf3
                0x00000000000006dc                __aeabi_dsub
                0x00000000000006e0                __aeabi_dadd
                0x00000000000006e0                __adddf3
                0x0000000000000958                __aeabi_ui2d
                0x0000000000000958                __floatunsidf
                0x0000000000000978                __floatsidf
                0x0000000000000978                __aeabi_i2d
                0x000000000000099c                __extendsfdf2
                0x000000000000099c                __aeabi_f2d
                0x00000000000009d8                __aeabi_ul2d
                0x00000000000009d8                __floatundidf
                0x00000000000009e8                __aeabi_l2d
                0x00000000000009e8                __floatdidf
 .text          0x0000000000000a44      0x424 /Applications/KDS_v3.app/Contents/toolchain/bin/../lib/gcc/arm-none-eabi/4.8.4/armv7e-m/fpu/libgcc.a(_arm_muldivdf3.o)
                0x0000000000000a44                __aeabi_dmul
                0x0000000000000a44                __muldf3
                0x0000000000000c98                __aeabi_ddiv
                0x0000000000000c98                __divdf3
 .text          0x0000000000000e68      0x110 /Applications/KDS_v3.app/Contents/toolchain/bin/../lib/gcc/arm-none-eabi/4.8.4/armv7e-m/fpu/libgcc.a(_arm_cmpdf2.o)
                0x0000000000000e68                __gtdf2
                0x0000000000000e68                __gedf2
                0x0000000000000e70                __ltdf2
                0x0000000000000e70                __ledf2
                0x0000000000000e78                __eqdf2
                0x0000000000000e78                __nedf2
                0x0000000000000e78                __cmpdf2
                0x0000000000000ef4                __aeabi_cdrcmple
                0x0000000000000f04                __aeabi_cdcmple
                0x0000000000000f04                __aeabi_cdcmpeq
                0x0000000000000f14                __aeabi_dcmpeq
                0x0000000000000f28                __aeabi_dcmplt
                0x0000000000000f3c                __aeabi_dcmple
                0x0000000000000f50                __aeabi_dcmpge
                0x0000000000000f64                __aeabi_dcmpgt
 .text          0x0000000000000f78       0x50 /Applications/KDS_v3.app/Contents/toolchain/bin/../lib/gcc/arm-none-eabi/4.8.4/armv7e-m/fpu/libgcc.a(_arm_fixdfsi.o)
                0x0000000000000f78                __fixdfsi
                0x0000000000000f78                __aeabi_d2iz
 .text          0x0000000000000fc8       0x40 /Applications/KDS_v3.app/Contents/toolchain/bin/../lib/gcc/arm-none-eabi/4.8.4/armv7e-m/fpu/libgcc.a(_arm_fixunsdfsi.o)
                0x0000000000000fc8                __fixunsdfsi
                0x0000000000000fc8                __aeabi_d2uiz
 .text          0x0000000000001008       0x38 /Applications/KDS_v3.app/Contents/toolchain/bin/../lib/gcc/arm-none-eabi/4.8.4/armv7e-m/fpu/libgcc.a(_aeabi_ldivmod.o)
                0x0000000000001008                __aeabi_ldivmod
 .text          0x0000000000001040       0x2c /Applications/KDS_v3.app/Contents/toolchain/bin/../lib/gcc/arm-none-eabi/4.8.4/armv7e-m/fpu/libgcc.a(_aeabi_uldivmod.o)
                0x0000000000001040                __aeabi_uldivmod
 .text          0x000000000000106c       0x30 /Applications/KDS_v3.app/Contents/toolchain/bin/../lib/gcc/arm-none-eabi/4.8.4/armv7e-m/fpu/libgcc.a(_fixdfdi.o)
                0x000000000000106c                __aeabi_d2lz
                0x000000000000106c                __fixdfdi
 .text          0x000000000000109c       0x44 /Applications/KDS_v3.app/Contents/toolchain/bin/../lib/gcc/arm-none-eabi/4.8.4/armv7e-m/fpu/libgcc.a(_fixunsdfdi.o)
                0x000000000000109c                __aeabi_d2ulz
                0x000000000000109c                __fixunsdfdi
 .text          0x00000000000010e0       0x60 /Applications/KDS_v3.app/Contents/toolchain/bin/../lib/gcc/arm-none-eabi/4.8.4/armv7e-m/fpu/libgcc.a(bpabi.o)
                0x00000000000010e0                __gnu_ldivmod_helper
                0x0000000000001110                __gnu_uldivmod_helper
 .text          0x0000000000001140        0x4 /Applications/KDS_v3.app/Contents/toolchain/bin/../lib/gcc/arm-none-eabi/4.8.4/armv7e-m/fpu/libgcc.a(_dvmd_tls.o)
                0x0000000000001140                __aeabi_ldiv0
                0x0000000000001140                __aeabi_idiv0
 .text          0x0000000000001144      0x298 /Applications/KDS_v3.app/Contents/toolchain/bin/../lib/gcc/arm-none-eabi/4.8.4/armv7e-m/fpu/libgcc.a(_divdi3.o)
                0x0000000000001144                __divdi3
 .text          0x00000000000013dc      0x284 /Applications/KDS_v3.app/Contents/toolchain/bin/../lib/gcc/arm-none-eabi/4.8.4/armv7e-m/fpu/libgcc.a(_udivdi3.o)
                0x00000000000013dc                __udivdi3
 *(.text*)
 .text.UART_EnableTx
                0x0000000000001660       0x40 ./utilities/fsl_debug_console.o
 .text.UART_EnableRx
                0x00000000000016a0       0x40 ./utilities/fsl_debug_console.o
 .text.DbgConsole_Init
                0x00000000000016e0       0x90 ./utilities/fsl_debug_console.o
                0x00000000000016e0                DbgConsole_Init
 .text.DbgConsole_Printf
                0x0000000000001770       0x40 ./utilities/fsl_debug_console.o
                0x0000000000001770                DbgConsole_Printf
 .text.DbgConsole_Putchar
                0x00000000000017b0       0x38 ./utilities/fsl_debug_console.o
                0x00000000000017b0                DbgConsole_Putchar
 .text.DbgConsole_PrintfPaddingCharacter
                0x00000000000017e8       0x40 ./utilities/fsl_debug_console.o
 .text.DbgConsole_ConvertRadixNumToString
                0x0000000000001828      0x1d8 ./utilities/fsl_debug_console.o
 .text.DbgConsole_ConvertFloatRadixNumToString
                0x0000000000001a00      0x2b8 ./utilities/fsl_debug_console.o
 .text.DbgConsole_PrintfFormattedData
                0x0000000000001cb8      0x8a0 ./utilities/fsl_debug_console.o
 .text.SystemInit
                0x0000000000002558       0x3c ./startup/system_MK64F12.o
                0x0000000000002558                SystemInit
 .text.tcpecho_thread
                0x0000000000002594       0xbc ./source/lwip_tcpecho_freertos.o
 .text.tcpecho_init
                0x0000000000002650       0x28 ./source/lwip_tcpecho_freertos.o
                0x0000000000002650                tcpecho_init
 .text.main     0x0000000000002678      0x16c ./source/lwip_tcpecho_freertos.o
                0x0000000000002678                main
 .text.etharp_free_entry
                0x00000000000027e4      0x114 ./lwip/src/netif/etharp.o
 .text.etharp_tmr
                0x00000000000028f8       0xdc ./lwip/src/netif/etharp.o
                0x00000000000028f8                etharp_tmr
 .text.etharp_find_entry
                0x00000000000029d4      0x258 ./lwip/src/netif/etharp.o
 .text.etharp_send_ip
                0x0000000000002c2c       0x64 ./lwip/src/netif/etharp.o
 .text.etharp_update_arp_entry
                0x0000000000002c90      0x134 ./lwip/src/netif/etharp.o
 .text.etharp_cleanup_netif
                0x0000000000002dc4       0x60 ./lwip/src/netif/etharp.o
                0x0000000000002dc4                etharp_cleanup_netif
 .text.etharp_arp_input
                0x0000000000002e24      0x1b8 ./lwip/src/netif/etharp.o
 .text.etharp_output_to_arp_index
                0x0000000000002fdc       0xc0 ./lwip/src/netif/etharp.o
 .text.etharp_output
                0x000000000000309c      0x1bc ./lwip/src/netif/etharp.o
                0x000000000000309c                etharp_output
 .text.etharp_query
                0x0000000000003258      0x25c ./lwip/src/netif/etharp.o
                0x0000000000003258                etharp_query
 .text.etharp_raw
                0x00000000000034b4      0x12c ./lwip/src/netif/etharp.o
 .text.etharp_request
                0x00000000000035e0       0x44 ./lwip/src/netif/etharp.o
                0x00000000000035e0                etharp_request
 .text.ethernet_input
                0x0000000000003624      0x104 ./lwip/src/netif/etharp.o
                0x0000000000003624                ethernet_input
 .text.icmp_input
                0x0000000000003728      0x248 ./lwip/src/core/ipv4/icmp.o
                0x0000000000003728                icmp_input
 .text.icmp_dest_unreach
                0x0000000000003970       0x20 ./lwip/src/core/ipv4/icmp.o
                0x0000000000003970                icmp_dest_unreach
 .text.icmp_time_exceeded
                0x0000000000003990       0x20 ./lwip/src/core/ipv4/icmp.o
                0x0000000000003990                icmp_time_exceeded
 .text.icmp_send_response
                0x00000000000039b0       0xc0 ./lwip/src/core/ipv4/icmp.o
 .text.lwip_standard_chksum
                0x0000000000003a70       0xb8 ./lwip/src/core/ipv4/inet_chksum.o
 .text.inet_chksum_pseudo
                0x0000000000003b28      0x10c ./lwip/src/core/ipv4/inet_chksum.o
                0x0000000000003b28                inet_chksum_pseudo
 .text.inet_chksum
                0x0000000000003c34       0x24 ./lwip/src/core/ipv4/inet_chksum.o
                0x0000000000003c34                inet_chksum
 .text.inet_chksum_pbuf
                0x0000000000003c58       0x98 ./lwip/src/core/ipv4/inet_chksum.o
                0x0000000000003c58                inet_chksum_pbuf
 .text.ip_route
                0x0000000000003cf0       0x78 ./lwip/src/core/ipv4/ip.o
                0x0000000000003cf0                ip_route
 .text.ip_input
                0x0000000000003d68      0x268 ./lwip/src/core/ipv4/ip.o
                0x0000000000003d68                ip_input
 .text.ip_output_if
                0x0000000000003fd0      0x1c4 ./lwip/src/core/ipv4/ip.o
                0x0000000000003fd0                ip_output_if
 .text.ip_output
                0x0000000000004194       0x5c ./lwip/src/core/ipv4/ip.o
                0x0000000000004194                ip_output
 .text.ip4_addr_isbroadcast
                0x00000000000041f0       0x78 ./lwip/src/core/ipv4/ip_addr.o
                0x00000000000041f0                ip4_addr_isbroadcast
 .text.ip_reass_tmr
                0x0000000000004268       0x54 ./lwip/src/core/ipv4/ip_frag.o
                0x0000000000004268                ip_reass_tmr
 .text.ip_reass_free_complete_datagram
                0x00000000000042bc      0x128 ./lwip/src/core/ipv4/ip_frag.o
 .text.ip_reass_remove_oldest_datagram
                0x00000000000043e4       0xb8 ./lwip/src/core/ipv4/ip_frag.o
 .text.ip_reass_enqueue_new_datagram
                0x000000000000449c       0x74 ./lwip/src/core/ipv4/ip_frag.o
 .text.ip_reass_dequeue_datagram
                0x0000000000004510       0x48 ./lwip/src/core/ipv4/ip_frag.o
 .text.ip_reass_chain_frag_into_datagram_and_validate
                0x0000000000004558      0x26c ./lwip/src/core/ipv4/ip_frag.o
 .text.ip_reass
                0x00000000000047c4      0x23c ./lwip/src/core/ipv4/ip_frag.o
                0x00000000000047c4                ip_reass
 .text.ip_frag_alloc_pbuf_custom_ref
                0x0000000000004a00       0x10 ./lwip/src/core/ipv4/ip_frag.o
 .text.ip_frag_free_pbuf_custom_ref
                0x0000000000004a10       0x28 ./lwip/src/core/ipv4/ip_frag.o
 .text.ipfrag_free_pbuf_custom
                0x0000000000004a38       0x4c ./lwip/src/core/ipv4/ip_frag.o
 .text.ip_frag  0x0000000000004a84      0x20c ./lwip/src/core/ipv4/ip_frag.o
                0x0000000000004a84                ip_frag
 .text.lwip_htons
                0x0000000000004c90       0x2c ./lwip/src/core/def.o
                0x0000000000004c90                lwip_htons
 .text.lwip_ntohs
                0x0000000000004cbc       0x1c ./lwip/src/core/def.o
                0x0000000000004cbc                lwip_ntohs
 .text.lwip_htonl
                0x0000000000004cd8       0x34 ./lwip/src/core/def.o
                0x0000000000004cd8                lwip_htonl
 .text.lwip_ntohl
                0x0000000000004d0c       0x18 ./lwip/src/core/def.o
                0x0000000000004d0c                lwip_ntohl
 .text.dhcp_check
                0x0000000000004d24       0x5c ./lwip/src/core/dhcp.o
 .text.dhcp_select
                0x0000000000004d80      0x138 ./lwip/src/core/dhcp.o
 .text.dhcp_coarse_tmr
                0x0000000000004eb8       0x5c ./lwip/src/core/dhcp.o
                0x0000000000004eb8                dhcp_coarse_tmr
 .text.dhcp_fine_tmr
                0x0000000000004f14       0x60 ./lwip/src/core/dhcp.o
                0x0000000000004f14                dhcp_fine_tmr
 .text.dhcp_timeout
                0x0000000000004f74       0xc8 ./lwip/src/core/dhcp.o
 .text.dhcp_t1_timeout
                0x000000000000503c       0x34 ./lwip/src/core/dhcp.o
 .text.dhcp_t2_timeout
                0x0000000000005070       0x34 ./lwip/src/core/dhcp.o
 .text.dhcp_arp_reply
                0x00000000000050a4       0x48 ./lwip/src/core/dhcp.o
                0x00000000000050a4                dhcp_arp_reply
 .text.dhcp_decline
                0x00000000000050ec       0xc4 ./lwip/src/core/dhcp.o
 .text.dhcp_discover
                0x00000000000051b0      0x104 ./lwip/src/core/dhcp.o
 .text.dhcp_bind
                0x00000000000052b4      0x170 ./lwip/src/core/dhcp.o
 .text.dhcp_renew
                0x0000000000005424       0xd4 ./lwip/src/core/dhcp.o
                0x0000000000005424                dhcp_renew
 .text.dhcp_rebind
                0x00000000000054f8       0xd4 ./lwip/src/core/dhcp.o
 .text.dhcp_reboot
                0x00000000000055cc       0xf0 ./lwip/src/core/dhcp.o
 .text.dhcp_release
                0x00000000000056bc      0x110 ./lwip/src/core/dhcp.o
                0x00000000000056bc                dhcp_release
 .text.dhcp_set_state
                0x00000000000057cc       0x34 ./lwip/src/core/dhcp.o
 .text.dhcp_option
                0x0000000000005800       0x60 ./lwip/src/core/dhcp.o
 .text.dhcp_option_byte
                0x0000000000005860       0x3c ./lwip/src/core/dhcp.o
 .text.dhcp_option_short
                0x000000000000589c       0x60 ./lwip/src/core/dhcp.o
 .text.dhcp_option_long
                0x00000000000058fc       0x9c ./lwip/src/core/dhcp.o
 .text.dhcp_create_msg
                0x0000000000005998      0x26c ./lwip/src/core/dhcp.o
 .text.dhcp_delete_msg
                0x0000000000005c04       0x64 ./lwip/src/core/dhcp.o
 .text.dhcp_option_trailer
                0x0000000000005c68       0x94 ./lwip/src/core/dhcp.o
 .text.lwip_init
                0x0000000000005cfc       0x28 ./lwip/src/core/init.o
                0x0000000000005cfc                lwip_init
 .text.tcpip_tcp_timer
                0x0000000000005d24       0x44 ./lwip/src/core/lwip_timers.o
 .text.tcp_timer_needed
                0x0000000000005d68       0x40 ./lwip/src/core/lwip_timers.o
                0x0000000000005d68                tcp_timer_needed
 .text.ip_reass_timer
                0x0000000000005da8       0x24 ./lwip/src/core/lwip_timers.o
 .text.arp_timer
                0x0000000000005dcc       0x24 ./lwip/src/core/lwip_timers.o
 .text.dhcp_timer_coarse
                0x0000000000005df0       0x24 ./lwip/src/core/lwip_timers.o
 .text.dhcp_timer_fine
                0x0000000000005e14       0x24 ./lwip/src/core/lwip_timers.o
 .text.sys_timeouts_init
                0x0000000000005e38       0x54 ./lwip/src/core/lwip_timers.o
                0x0000000000005e38                sys_timeouts_init
 .text.sys_timeout
                0x0000000000005e8c       0xf0 ./lwip/src/core/lwip_timers.o
                0x0000000000005e8c                sys_timeout
 .text.sys_untimeout
                0x0000000000005f7c       0x8c ./lwip/src/core/lwip_timers.o
                0x0000000000005f7c                sys_untimeout
 .text.sys_timeouts_mbox_fetch
                0x0000000000006008       0xb0 ./lwip/src/core/lwip_timers.o
                0x0000000000006008                sys_timeouts_mbox_fetch
 .text.plug_holes
                0x00000000000060b8      0x108 ./lwip/src/core/mem.o
 .text.mem_init
                0x00000000000061c0       0x90 ./lwip/src/core/mem.o
                0x00000000000061c0                mem_init
 .text.mem_free
                0x0000000000006250       0xb0 ./lwip/src/core/mem.o
                0x0000000000006250                mem_free
 .text.mem_trim
                0x0000000000006300      0x1b0 ./lwip/src/core/mem.o
                0x0000000000006300                mem_trim
 .text.mem_malloc
                0x00000000000064b0      0x1c4 ./lwip/src/core/mem.o
                0x00000000000064b0                mem_malloc
 .text.memp_init
                0x0000000000006674       0x98 ./lwip/src/core/memp.o
                0x0000000000006674                memp_init
 .text.memp_malloc
                0x000000000000670c       0x5c ./lwip/src/core/memp.o
                0x000000000000670c                memp_malloc
 .text.memp_free
                0x0000000000006768       0x4c ./lwip/src/core/memp.o
                0x0000000000006768                memp_free
 .text.netif_init
                0x00000000000067b4        0xc ./lwip/src/core/netif.o
                0x00000000000067b4                netif_init
 .text.netif_add
                0x00000000000067c0       0x98 ./lwip/src/core/netif.o
                0x00000000000067c0                netif_add
 .text.netif_set_addr
                0x0000000000006858       0x2c ./lwip/src/core/netif.o
                0x0000000000006858                netif_set_addr
 .text.netif_set_ipaddr
                0x0000000000006884       0xb0 ./lwip/src/core/netif.o
                0x0000000000006884                netif_set_ipaddr
 .text.netif_set_gw
                0x0000000000006934       0x28 ./lwip/src/core/netif.o
                0x0000000000006934                netif_set_gw
 .text.netif_set_netmask
                0x000000000000695c       0x28 ./lwip/src/core/netif.o
                0x000000000000695c                netif_set_netmask
 .text.netif_set_default
                0x0000000000006984       0x1c ./lwip/src/core/netif.o
                0x0000000000006984                netif_set_default
 .text.netif_set_up
                0x00000000000069a0       0x58 ./lwip/src/core/netif.o
                0x00000000000069a0                netif_set_up
 .text.netif_set_down
                0x00000000000069f8       0x44 ./lwip/src/core/netif.o
                0x00000000000069f8                netif_set_down
 .text.pbuf_alloc
                0x0000000000006a3c      0x2b4 ./lwip/src/core/pbuf.o
                0x0000000000006a3c                pbuf_alloc
 .text.pbuf_alloced_custom
                0x0000000000006cf0       0xbc ./lwip/src/core/pbuf.o
                0x0000000000006cf0                pbuf_alloced_custom
 .text.pbuf_realloc
                0x0000000000006dac      0x120 ./lwip/src/core/pbuf.o
                0x0000000000006dac                pbuf_realloc
 .text.pbuf_header
                0x0000000000006ecc      0x100 ./lwip/src/core/pbuf.o
                0x0000000000006ecc                pbuf_header
 .text.pbuf_free
                0x0000000000006fcc      0x100 ./lwip/src/core/pbuf.o
                0x0000000000006fcc                pbuf_free
 .text.pbuf_clen
                0x00000000000070cc       0x30 ./lwip/src/core/pbuf.o
                0x00000000000070cc                pbuf_clen
 .text.pbuf_ref
                0x00000000000070fc       0x24 ./lwip/src/core/pbuf.o
                0x00000000000070fc                pbuf_ref
 .text.pbuf_cat
                0x0000000000007120       0x8c ./lwip/src/core/pbuf.o
                0x0000000000007120                pbuf_cat
 .text.pbuf_chain
                0x00000000000071ac       0x20 ./lwip/src/core/pbuf.o
                0x00000000000071ac                pbuf_chain
 .text.pbuf_copy
                0x00000000000071cc      0x15c ./lwip/src/core/pbuf.o
                0x00000000000071cc                pbuf_copy
 .text.pbuf_copy_partial
                0x0000000000007328       0xd8 ./lwip/src/core/pbuf.o
                0x0000000000007328                pbuf_copy_partial
 .text.raw_input
                0x0000000000007400       0xc0 ./lwip/src/core/raw.o
                0x0000000000007400                raw_input
 .text.raw_bind
                0x00000000000074c0       0x2c ./lwip/src/core/raw.o
                0x00000000000074c0                raw_bind
 .text.raw_recv
                0x00000000000074ec       0x24 ./lwip/src/core/raw.o
                0x00000000000074ec                raw_recv
 .text.raw_remove
                0x0000000000007510       0x60 ./lwip/src/core/raw.o
                0x0000000000007510                raw_remove
 .text.raw_new  0x0000000000007570       0x4c ./lwip/src/core/raw.o
                0x0000000000007570                raw_new
 .text.tcp_init
                0x00000000000075bc        0xc ./lwip/src/core/tcp.o
                0x00000000000075bc                tcp_init
 .text.tcp_tmr  0x00000000000075c8       0x2c ./lwip/src/core/tcp.o
                0x00000000000075c8                tcp_tmr
 .text.tcp_close_shutdown
                0x00000000000075f4      0x260 ./lwip/src/core/tcp.o
 .text.tcp_close
                0x0000000000007854       0x30 ./lwip/src/core/tcp.o
                0x0000000000007854                tcp_close
 .text.tcp_shutdown
                0x0000000000007884       0x8c ./lwip/src/core/tcp.o
                0x0000000000007884                tcp_shutdown
 .text.tcp_abandon
                0x0000000000007910       0xcc ./lwip/src/core/tcp.o
                0x0000000000007910                tcp_abandon
 .text.tcp_abort
                0x00000000000079dc       0x18 ./lwip/src/core/tcp.o
                0x00000000000079dc                tcp_abort
 .text.tcp_bind
                0x00000000000079f4       0xe8 ./lwip/src/core/tcp.o
                0x00000000000079f4                tcp_bind
 .text.tcp_accept_null
                0x0000000000007adc       0x20 ./lwip/src/core/tcp.o
 .text.tcp_listen_with_backlog
                0x0000000000007afc      0x120 ./lwip/src/core/tcp.o
                0x0000000000007afc                tcp_listen_with_backlog
 .text.tcp_update_rcv_ann_wnd
                0x0000000000007c1c       0x90 ./lwip/src/core/tcp.o
                0x0000000000007c1c                tcp_update_rcv_ann_wnd
 .text.tcp_recved
                0x0000000000007cac       0x88 ./lwip/src/core/tcp.o
                0x0000000000007cac                tcp_recved
 .text.tcp_new_port
                0x0000000000007d34       0x8c ./lwip/src/core/tcp.o
 .text.tcp_slowtmr
                0x0000000000007dc0      0x4c0 ./lwip/src/core/tcp.o
                0x0000000000007dc0                tcp_slowtmr
 .text.tcp_fasttmr
                0x0000000000008280       0xa0 ./lwip/src/core/tcp.o
                0x0000000000008280                tcp_fasttmr
 .text.tcp_process_refused_data
                0x0000000000008320       0xc8 ./lwip/src/core/tcp.o
                0x0000000000008320                tcp_process_refused_data
 .text.tcp_segs_free
                0x00000000000083e8       0x28 ./lwip/src/core/tcp.o
                0x00000000000083e8                tcp_segs_free
 .text.tcp_seg_free
                0x0000000000008410       0x30 ./lwip/src/core/tcp.o
                0x0000000000008410                tcp_seg_free
 .text.tcp_recv_null
                0x0000000000008440       0x48 ./lwip/src/core/tcp.o
                0x0000000000008440                tcp_recv_null
 .text.tcp_kill_prio
                0x0000000000008488       0x80 ./lwip/src/core/tcp.o
 .text.tcp_kill_timewait
                0x0000000000008508       0x5c ./lwip/src/core/tcp.o
 .text.tcp_alloc
                0x0000000000008564      0x114 ./lwip/src/core/tcp.o
                0x0000000000008564                tcp_alloc
 .text.tcp_new  0x0000000000008678       0x10 ./lwip/src/core/tcp.o
                0x0000000000008678                tcp_new
 .text.tcp_arg  0x0000000000008688       0x1c ./lwip/src/core/tcp.o
                0x0000000000008688                tcp_arg
 .text.tcp_recv
                0x00000000000086a4       0x28 ./lwip/src/core/tcp.o
                0x00000000000086a4                tcp_recv
 .text.tcp_sent
                0x00000000000086cc       0x28 ./lwip/src/core/tcp.o
                0x00000000000086cc                tcp_sent
 .text.tcp_err  0x00000000000086f4       0x2c ./lwip/src/core/tcp.o
                0x00000000000086f4                tcp_err
 .text.tcp_accept
                0x0000000000008720       0x1c ./lwip/src/core/tcp.o
                0x0000000000008720                tcp_accept
 .text.tcp_poll
                0x000000000000873c       0x38 ./lwip/src/core/tcp.o
                0x000000000000873c                tcp_poll
 .text.tcp_pcb_purge
                0x0000000000008774       0x70 ./lwip/src/core/tcp.o
                0x0000000000008774                tcp_pcb_purge
 .text.tcp_pcb_remove
                0x00000000000087e4       0xcc ./lwip/src/core/tcp.o
                0x00000000000087e4                tcp_pcb_remove
 .text.tcp_next_iss
                0x00000000000088b0       0x28 ./lwip/src/core/tcp.o
                0x00000000000088b0                tcp_next_iss
 .text.tcp_eff_send_mss
                0x00000000000088d8       0x40 ./lwip/src/core/tcp.o
                0x00000000000088d8                tcp_eff_send_mss
 .text.tcp_input
                0x0000000000008918      0x694 ./lwip/src/core/tcp_in.o
                0x0000000000008918                tcp_input
 .text.tcp_listen_input
                0x0000000000008fac      0x198 ./lwip/src/core/tcp_in.o
 .text.tcp_timewait_input
                0x0000000000009144       0xdc ./lwip/src/core/tcp_in.o
 .text.tcp_process
                0x0000000000009220      0x6f4 ./lwip/src/core/tcp_in.o
 .text.tcp_receive
                0x0000000000009914      0x9dc ./lwip/src/core/tcp_in.o
 .text.tcp_parseopt
                0x000000000000a2f0      0x100 ./lwip/src/core/tcp_in.o
 .text.tcp_output_alloc_header
                0x000000000000a3f0       0xe8 ./lwip/src/core/tcp_out.o
 .text.tcp_send_fin
                0x000000000000a4d8       0x80 ./lwip/src/core/tcp_out.o
                0x000000000000a4d8                tcp_send_fin
 .text.tcp_create_segment
                0x000000000000a558      0x108 ./lwip/src/core/tcp_out.o
 .text.tcp_pbuf_prealloc
                0x000000000000a660       0xb8 ./lwip/src/core/tcp_out.o
 .text.tcp_write_checks
                0x000000000000a718       0xd0 ./lwip/src/core/tcp_out.o
 .text.tcp_write
                0x000000000000a7e8      0x548 ./lwip/src/core/tcp_out.o
                0x000000000000a7e8                tcp_write
 .text.tcp_enqueue_flags
                0x000000000000ad30      0x1ec ./lwip/src/core/tcp_out.o
                0x000000000000ad30                tcp_enqueue_flags
 .text.tcp_send_empty_ack
                0x000000000000af1c       0x94 ./lwip/src/core/tcp_out.o
                0x000000000000af1c                tcp_send_empty_ack
 .text.tcp_output
                0x000000000000afb0      0x2cc ./lwip/src/core/tcp_out.o
                0x000000000000afb0                tcp_output
 .text.tcp_output_segment
                0x000000000000b27c      0x170 ./lwip/src/core/tcp_out.o
 .text.tcp_rst  0x000000000000b3ec       0xe4 ./lwip/src/core/tcp_out.o
                0x000000000000b3ec                tcp_rst
 .text.tcp_rexmit_rto
                0x000000000000b4d0       0x60 ./lwip/src/core/tcp_out.o
                0x000000000000b4d0                tcp_rexmit_rto
 .text.tcp_rexmit
                0x000000000000b530       0x94 ./lwip/src/core/tcp_out.o
                0x000000000000b530                tcp_rexmit
 .text.tcp_rexmit_fast
                0x000000000000b5c4       0xa4 ./lwip/src/core/tcp_out.o
                0x000000000000b5c4                tcp_rexmit_fast
 .text.tcp_keepalive
                0x000000000000b668       0x74 ./lwip/src/core/tcp_out.o
                0x000000000000b668                tcp_keepalive
 .text.tcp_zero_window_probe
                0x000000000000b6dc      0x10c ./lwip/src/core/tcp_out.o
                0x000000000000b6dc                tcp_zero_window_probe
 .text.udp_init
                0x000000000000b7e8        0xc ./lwip/src/core/udp.o
                0x000000000000b7e8                udp_init
 .text.udp_new_port
                0x000000000000b7f4       0x74 ./lwip/src/core/udp.o
 .text.udp_input
                0x000000000000b868      0x2c0 ./lwip/src/core/udp.o
                0x000000000000b868                udp_input
 .text.udp_sendto_if
                0x000000000000bb28      0x174 ./lwip/src/core/udp.o
                0x000000000000bb28                udp_sendto_if
 .text.udp_bind
                0x000000000000bc9c       0xd0 ./lwip/src/core/udp.o
                0x000000000000bc9c                udp_bind
 .text.udp_recv
                0x000000000000bd6c       0x24 ./lwip/src/core/udp.o
                0x000000000000bd6c                udp_recv
 .text.udp_remove
                0x000000000000bd90       0x60 ./lwip/src/core/udp.o
                0x000000000000bd90                udp_remove
 .text.udp_new  0x000000000000bdf0       0x30 ./lwip/src/core/udp.o
                0x000000000000bdf0                udp_new
 .text.netconn_new_with_proto_and_callback
                0x000000000000be20       0xb4 ./lwip/src/api/api_lib.o
                0x000000000000be20                netconn_new_with_proto_and_callback
 .text.netconn_delete
                0x000000000000bed4       0x3c ./lwip/src/api/api_lib.o
                0x000000000000bed4                netconn_delete
 .text.netconn_bind
                0x000000000000bf10       0x68 ./lwip/src/api/api_lib.o
                0x000000000000bf10                netconn_bind
 .text.netconn_listen_with_backlog
                0x000000000000bf78       0x60 ./lwip/src/api/api_lib.o
                0x000000000000bf78                netconn_listen_with_backlog
 .text.netconn_accept
                0x000000000000bfd8       0xb8 ./lwip/src/api/api_lib.o
                0x000000000000bfd8                netconn_accept
 .text.netconn_recv_data
                0x000000000000c090      0x138 ./lwip/src/api/api_lib.o
 .text.netconn_recv
                0x000000000000c1c8       0xec ./lwip/src/api/api_lib.o
                0x000000000000c1c8                netconn_recv
 .text.netconn_write_partly
                0x000000000000c2b4       0xe4 ./lwip/src/api/api_lib.o
                0x000000000000c2b4                netconn_write_partly
 .text.netconn_close_shutdown
                0x000000000000c398       0x64 ./lwip/src/api/api_lib.o
 .text.netconn_close
                0x000000000000c3fc       0x1c ./lwip/src/api/api_lib.o
                0x000000000000c3fc                netconn_close
 .text.recv_raw
                0x000000000000c418       0xd0 ./lwip/src/api/api_msg.o
 .text.recv_udp
                0x000000000000c4e8       0xd0 ./lwip/src/api/api_msg.o
 .text.recv_tcp
                0x000000000000c5b8       0xd0 ./lwip/src/api/api_msg.o
 .text.poll_tcp
                0x000000000000c688       0x9c ./lwip/src/api/api_msg.o
 .text.sent_tcp
                0x000000000000c724       0x98 ./lwip/src/api/api_msg.o
 .text.err_tcp  0x000000000000c7bc      0x11c ./lwip/src/api/api_msg.o
 .text.setup_tcp
                0x000000000000c8d8       0x50 ./lwip/src/api/api_msg.o
 .text.accept_function
                0x000000000000c928       0xd0 ./lwip/src/api/api_msg.o
 .text.pcb_new  0x000000000000c9f8       0xf8 ./lwip/src/api/api_msg.o
 .text.do_newconn
                0x000000000000caf0       0x30 ./lwip/src/api/api_msg.o
                0x000000000000caf0                do_newconn
 .text.netconn_alloc
                0x000000000000cb20       0xa8 ./lwip/src/api/api_msg.o
                0x000000000000cb20                netconn_alloc
 .text.netconn_free
                0x000000000000cbc8       0x5c ./lwip/src/api/api_msg.o
                0x000000000000cbc8                netconn_free
 .text.netconn_drain
                0x000000000000cc24       0xf4 ./lwip/src/api/api_msg.o
 .text.do_close_internal
                0x000000000000cd18      0x200 ./lwip/src/api/api_msg.o
 .text.do_delconn
                0x000000000000cf18      0x154 ./lwip/src/api/api_msg.o
                0x000000000000cf18                do_delconn
 .text.do_bind  0x000000000000d06c       0xbc ./lwip/src/api/api_msg.o
                0x000000000000d06c                do_bind
 .text.do_listen
                0x000000000000d128      0x110 ./lwip/src/api/api_msg.o
                0x000000000000d128                do_listen
 .text.do_recv  0x000000000000d238       0x6c ./lwip/src/api/api_msg.o
                0x000000000000d238                do_recv
 .text.do_writemore
                0x000000000000d2a4      0x244 ./lwip/src/api/api_msg.o
 .text.do_write
                0x000000000000d4e8       0xbc ./lwip/src/api/api_msg.o
                0x000000000000d4e8                do_write
 .text.do_close
                0x000000000000d5a4       0xd0 ./lwip/src/api/api_msg.o
                0x000000000000d5a4                do_close
 .text.netbuf_delete
                0x000000000000d674       0x3c ./lwip/src/api/netbuf.o
                0x000000000000d674                netbuf_delete
 .text.netbuf_data
                0x000000000000d6b0       0x74 ./lwip/src/api/netbuf.o
                0x000000000000d6b0                netbuf_data
 .text.netbuf_next
                0x000000000000d724       0x50 ./lwip/src/api/netbuf.o
                0x000000000000d724                netbuf_next
 .text.lwip_socket_init
                0x000000000000d774        0xc ./lwip/src/api/sockets.o
                0x000000000000d774                lwip_socket_init
 .text.tcpip_thread
                0x000000000000d780      0x120 ./lwip/src/api/tcpip.o
 .text.tcpip_input
                0x000000000000d8a0       0x64 ./lwip/src/api/tcpip.o
                0x000000000000d8a0                tcpip_input
 .text.tcpip_apimsg
                0x000000000000d904       0x50 ./lwip/src/api/tcpip.o
                0x000000000000d904                tcpip_apimsg
 .text.tcpip_init
                0x000000000000d954       0x60 ./lwip/src/api/tcpip.o
                0x000000000000d954                tcpip_init
 .text.NVIC_SetPriority
                0x000000000000d9b4       0x54 ./lwip/port/ethernetif.o
 .text.ENET_ActiveRead
                0x000000000000da08       0x1c ./lwip/port/ethernetif.o
 .text.ethernet_callback
                0x000000000000da24       0x28 ./lwip/port/ethernetif.o
                0x000000000000da24                ethernet_callback
 .text.low_level_init
                0x000000000000da4c      0x148 ./lwip/port/ethernetif.o
                0x000000000000da4c                low_level_init
 .text.low_level_output
                0x000000000000db94       0xec ./lwip/port/ethernetif.o
 .text.ethernetif_input
                0x000000000000dc80      0x100 ./lwip/port/ethernetif.o
                0x000000000000dc80                ethernetif_input
 .text.ethernetif_init
                0x000000000000dd80       0x5c ./lwip/port/ethernetif.o
                0x000000000000dd80                ethernetif_init
 .text.sys_assert
                0x000000000000dddc       0x20 ./lwip/port/sys_arch.o
                0x000000000000dddc                sys_assert
 .text.sys_mbox_new
                0x000000000000ddfc       0x38 ./lwip/port/sys_arch.o
                0x000000000000ddfc                sys_mbox_new
 .text.sys_mbox_free
                0x000000000000de34       0x40 ./lwip/port/sys_arch.o
                0x000000000000de34                sys_mbox_free
 .text.sys_mbox_post
                0x000000000000de74       0x2c ./lwip/port/sys_arch.o
                0x000000000000de74                sys_mbox_post
 .text.sys_mbox_trypost
                0x000000000000dea0       0x94 ./lwip/port/sys_arch.o
                0x000000000000dea0                sys_mbox_trypost
 .text.sys_arch_mbox_fetch
                0x000000000000df34       0x9c ./lwip/port/sys_arch.o
                0x000000000000df34                sys_arch_mbox_fetch
 .text.sys_arch_mbox_tryfetch
                0x000000000000dfd0       0x44 ./lwip/port/sys_arch.o
                0x000000000000dfd0                sys_arch_mbox_tryfetch
 .text.sys_sem_new
                0x000000000000e014       0x68 ./lwip/port/sys_arch.o
                0x000000000000e014                sys_sem_new
 .text.sys_arch_sem_wait
                0x000000000000e07c       0x88 ./lwip/port/sys_arch.o
                0x000000000000e07c                sys_arch_sem_wait
 .text.sys_mutex_new
                0x000000000000e104       0x30 ./lwip/port/sys_arch.o
                0x000000000000e104                sys_mutex_new
 .text.sys_mutex_lock
                0x000000000000e134       0x28 ./lwip/port/sys_arch.o
                0x000000000000e134                sys_mutex_lock
 .text.sys_mutex_unlock
                0x000000000000e15c       0x20 ./lwip/port/sys_arch.o
                0x000000000000e15c                sys_mutex_unlock
 .text.sys_sem_signal
                0x000000000000e17c       0x20 ./lwip/port/sys_arch.o
                0x000000000000e17c                sys_sem_signal
 .text.sys_sem_free
                0x000000000000e19c       0x18 ./lwip/port/sys_arch.o
                0x000000000000e19c                sys_sem_free
 .text.sys_init
                0x000000000000e1b4        0xc ./lwip/port/sys_arch.o
                0x000000000000e1b4                sys_init
 .text.sys_thread_new
                0x000000000000e1c0       0x4c ./lwip/port/sys_arch.o
                0x000000000000e1c0                sys_thread_new
 .text.pxPortInitialiseStack
                0x000000000000e20c       0x64 ./freertos/portable/port.o
                0x000000000000e20c                pxPortInitialiseStack
 .text.prvTaskExitError
                0x000000000000e270       0x3c ./freertos/portable/port.o
 .text.SVC_Handler
                0x000000000000e2ac       0x20 ./freertos/portable/port.o
                0x000000000000e2ac                SVC_Handler
 .text.prvPortStartFirstTask
                0x000000000000e2cc       0x20 ./freertos/portable/port.o
 .text.xPortStartScheduler
                0x000000000000e2ec      0x118 ./freertos/portable/port.o
                0x000000000000e2ec                xPortStartScheduler
 .text.vPortEnterCritical
                0x000000000000e404       0x5c ./freertos/portable/port.o
                0x000000000000e404                vPortEnterCritical
 .text.vPortExitCritical
                0x000000000000e460       0x4c ./freertos/portable/port.o
                0x000000000000e460                vPortExitCritical
 .text.PendSV_Handler
                0x000000000000e4ac       0x60 ./freertos/portable/port.o
                0x000000000000e4ac                PendSV_Handler
 .text.SysTick_Handler
                0x000000000000e50c       0x44 ./freertos/portable/port.o
                0x000000000000e50c                SysTick_Handler
 .text.vPortSetupTimerInterrupt
                0x000000000000e550       0x24 ./freertos/portable/port.o
                0x000000000000e550                vPortSetupTimerInterrupt
 .text.vPortEnableVFP
                0x000000000000e574       0x14 ./freertos/portable/port.o
 .text.vPortValidateInterruptPriority
                0x000000000000e588       0x78 ./freertos/portable/port.o
                0x000000000000e588                vPortValidateInterruptPriority
 .text.pvPortMalloc
                0x000000000000e600      0x184 ./freertos/heap_4.o
                0x000000000000e600                pvPortMalloc
 .text.vPortFree
                0x000000000000e784       0xb0 ./freertos/heap_4.o
                0x000000000000e784                vPortFree
 .text.prvHeapInit
                0x000000000000e834       0xc4 ./freertos/heap_4.o
 .text.prvInsertBlockIntoFreeList
                0x000000000000e8f8       0xb0 ./freertos/heap_4.o
 .text.vListInitialise
                0x000000000000e9a8       0x40 ./freertos/list.o
                0x000000000000e9a8                vListInitialise
 .text.vListInitialiseItem
                0x000000000000e9e8       0x18 ./freertos/list.o
                0x000000000000e9e8                vListInitialiseItem
 .text.vListInsertEnd
                0x000000000000ea00       0x48 ./freertos/list.o
                0x000000000000ea00                vListInsertEnd
 .text.vListInsert
                0x000000000000ea48       0x70 ./freertos/list.o
                0x000000000000ea48                vListInsert
 .text.uxListRemove
                0x000000000000eab8       0x54 ./freertos/list.o
                0x000000000000eab8                uxListRemove
 .text.xQueueGenericReset
                0x000000000000eb0c       0xd0 ./freertos/queue.o
                0x000000000000eb0c                xQueueGenericReset
 .text.xQueueGenericCreate
                0x000000000000ebdc       0xb4 ./freertos/queue.o
                0x000000000000ebdc                xQueueGenericCreate
 .text.xQueueCreateMutex
                0x000000000000ec90       0x84 ./freertos/queue.o
                0x000000000000ec90                xQueueCreateMutex
 .text.xQueueGenericSend
                0x000000000000ed14      0x1ec ./freertos/queue.o
                0x000000000000ed14                xQueueGenericSend
 .text.xQueueGenericSendFromISR
                0x000000000000ef00      0x118 ./freertos/queue.o
                0x000000000000ef00                xQueueGenericSendFromISR
 .text.xQueueGenericReceive
                0x000000000000f018      0x20c ./freertos/queue.o
                0x000000000000f018                xQueueGenericReceive
 .text.uxQueueMessagesWaiting
                0x000000000000f224       0x3c ./freertos/queue.o
                0x000000000000f224                uxQueueMessagesWaiting
 .text.vQueueDelete
                0x000000000000f260       0x38 ./freertos/queue.o
                0x000000000000f260                vQueueDelete
 .text.prvCopyDataToQueue
                0x000000000000f298       0xdc ./freertos/queue.o
 .text.prvCopyDataFromQueue
                0x000000000000f374       0x4c ./freertos/queue.o
 .text.prvUnlockQueue
                0x000000000000f3c0       0x98 ./freertos/queue.o
 .text.prvIsQueueEmpty
                0x000000000000f458       0x2c ./freertos/queue.o
 .text.prvIsQueueFull
                0x000000000000f484       0x30 ./freertos/queue.o
 .text.xQueueIsQueueFullFromISR
                0x000000000000f4b4       0x48 ./freertos/queue.o
                0x000000000000f4b4                xQueueIsQueueFullFromISR
 .text.vQueueAddToRegistry
                0x000000000000f4fc       0x50 ./freertos/queue.o
                0x000000000000f4fc                vQueueAddToRegistry
 .text.vQueueUnregisterQueue
                0x000000000000f54c       0x44 ./freertos/queue.o
                0x000000000000f54c                vQueueUnregisterQueue
 .text.vQueueWaitForMessageRestricted
                0x000000000000f590       0x5c ./freertos/queue.o
                0x000000000000f590                vQueueWaitForMessageRestricted
 .text.xTaskGenericCreate
                0x000000000000f5ec      0x1a0 ./freertos/tasks.o
                0x000000000000f5ec                xTaskGenericCreate
 .text.vTaskStartScheduler
                0x000000000000f78c       0x98 ./freertos/tasks.o
                0x000000000000f78c                vTaskStartScheduler
 .text.vTaskSuspendAll
                0x000000000000f824       0x1c ./freertos/tasks.o
                0x000000000000f824                vTaskSuspendAll
 .text.xTaskResumeAll
                0x000000000000f840      0x128 ./freertos/tasks.o
                0x000000000000f840                xTaskResumeAll
 .text.xTaskGetTickCount
                0x000000000000f968       0x20 ./freertos/tasks.o
                0x000000000000f968                xTaskGetTickCount
 .text.xTaskIncrementTick
                0x000000000000f988      0x15c ./freertos/tasks.o
                0x000000000000f988                xTaskIncrementTick
 .text.vTaskSwitchContext
                0x000000000000fae4       0xb4 ./freertos/tasks.o
                0x000000000000fae4                vTaskSwitchContext
 .text.vTaskPlaceOnEventList
                0x000000000000fb98       0x9c ./freertos/tasks.o
                0x000000000000fb98                vTaskPlaceOnEventList
 .text.vTaskPlaceOnEventListRestricted
                0x000000000000fc34       0x9c ./freertos/tasks.o
                0x000000000000fc34                vTaskPlaceOnEventListRestricted
 .text.xTaskRemoveFromEventList
                0x000000000000fcd0       0xc4 ./freertos/tasks.o
                0x000000000000fcd0                xTaskRemoveFromEventList
 .text.vTaskSetTimeOutState
                0x000000000000fd94       0x44 ./freertos/tasks.o
                0x000000000000fd94                vTaskSetTimeOutState
 .text.xTaskCheckForTimeOut
                0x000000000000fdd8       0xbc ./freertos/tasks.o
                0x000000000000fdd8                xTaskCheckForTimeOut
 .text.vTaskMissedYield
                0x000000000000fe94       0x18 ./freertos/tasks.o
                0x000000000000fe94                vTaskMissedYield
 .text.prvIdleTask
                0x000000000000feac       0x30 ./freertos/tasks.o
 .text.prvInitialiseTCBVariables
                0x000000000000fedc       0xa4 ./freertos/tasks.o
 .text.prvInitialiseTaskLists
                0x000000000000ff80       0x7c ./freertos/tasks.o
 .text.prvCheckTasksWaitingTermination
                0x000000000000fffc       0x74 ./freertos/tasks.o
 .text.prvAddCurrentTaskToDelayedList
                0x0000000000010070       0x6c ./freertos/tasks.o
 .text.prvAllocateTCBAndStack
                0x00000000000100dc       0x70 ./freertos/tasks.o
 .text.prvDeleteTCB
                0x000000000001014c       0x20 ./freertos/tasks.o
 .text.prvResetNextTaskUnblockTime
                0x000000000001016c       0x48 ./freertos/tasks.o
 .text.xTaskGetSchedulerState
                0x00000000000101b4       0x3c ./freertos/tasks.o
                0x00000000000101b4                xTaskGetSchedulerState
 .text.vTaskPriorityInherit
                0x00000000000101f0       0xec ./freertos/tasks.o
                0x00000000000101f0                vTaskPriorityInherit
 .text.xTaskPriorityDisinherit
                0x00000000000102dc      0x108 ./freertos/tasks.o
                0x00000000000102dc                xTaskPriorityDisinherit
 .text.pvTaskIncrementMutexHeldCount
                0x00000000000103e4       0x28 ./freertos/tasks.o
                0x00000000000103e4                pvTaskIncrementMutexHeldCount
 .text.xTimerCreateTimerTask
                0x000000000001040c       0x64 ./freertos/timers.o
                0x000000000001040c                xTimerCreateTimerTask
 .text.xTimerGenericCommand
                0x0000000000010470       0xa4 ./freertos/timers.o
                0x0000000000010470                xTimerGenericCommand
 .text.prvProcessExpiredTimer
                0x0000000000010514       0x80 ./freertos/timers.o
 .text.prvTimerTask
                0x0000000000010594       0x24 ./freertos/timers.o
 .text.prvProcessTimerOrBlockTask
                0x00000000000105b8       0x9c ./freertos/timers.o
 .text.prvGetNextExpireTime
                0x0000000000010654       0x48 ./freertos/timers.o
 .text.prvSampleTimeNow
                0x000000000001069c       0x40 ./freertos/timers.o
 .text.prvInsertTimerInActiveList
                0x00000000000106dc       0x84 ./freertos/timers.o
 .text.prvProcessReceivedCommands
                0x0000000000010760      0x12c ./freertos/timers.o
 .text.prvSwitchTimerLists
                0x000000000001088c       0xc0 ./freertos/timers.o
 .text.prvCheckForValidListAndQueue
                0x000000000001094c       0x8c ./freertos/timers.o
 .text.CLOCK_SetEr32kClock
                0x00000000000109d8       0x2c ./drivers/fsl_clock.o
 .text.CLOCK_SetPllFllSelClock
                0x0000000000010a04       0x38 ./drivers/fsl_clock.o
 .text.OSC_SetExtRefClkConfig
                0x0000000000010a3c       0x34 ./drivers/fsl_clock.o
 .text.OSC_SetCapLoad
                0x0000000000010a70       0x34 ./drivers/fsl_clock.o
 .text.CLOCK_GetMcgExtClkFreq
                0x0000000000010aa4       0x8c ./drivers/fsl_clock.o
 .text.CLOCK_GetFllExtRefClkFreq
                0x0000000000010b30       0xc8 ./drivers/fsl_clock.o
 .text.CLOCK_GetInternalRefClkSelectFreq
                0x0000000000010bf8       0x44 ./drivers/fsl_clock.o
 .text.CLOCK_GetFllRefClkFreq
                0x0000000000010c3c       0x2c ./drivers/fsl_clock.o
 .text.CLOCK_GetPll0RefFreq
                0x0000000000010c68       0x10 ./drivers/fsl_clock.o
 .text.CLOCK_GetOscRangeFromFreq
                0x0000000000010c78       0x3c ./drivers/fsl_clock.o
 .text.CLOCK_GetOsc0ErClkFreq
                0x0000000000010cb4       0x48 ./drivers/fsl_clock.o
                0x0000000000010cb4                CLOCK_GetOsc0ErClkFreq
 .text.CLOCK_GetEr32kClkFreq
                0x0000000000010cfc       0x80 ./drivers/fsl_clock.o
                0x0000000000010cfc                CLOCK_GetEr32kClkFreq
 .text.CLOCK_GetPllFllSelClkFreq
                0x0000000000010d7c       0x54 ./drivers/fsl_clock.o
                0x0000000000010d7c                CLOCK_GetPllFllSelClkFreq
 .text.CLOCK_GetCoreSysClkFreq
                0x0000000000010dd0       0x24 ./drivers/fsl_clock.o
                0x0000000000010dd0                CLOCK_GetCoreSysClkFreq
 .text.CLOCK_GetFreq
                0x0000000000010df4      0x144 ./drivers/fsl_clock.o
                0x0000000000010df4                CLOCK_GetFreq
 .text.CLOCK_SetSimConfig
                0x0000000000010f38       0x34 ./drivers/fsl_clock.o
                0x0000000000010f38                CLOCK_SetSimConfig
 .text.CLOCK_GetOutClkFreq
                0x0000000000010f6c       0x64 ./drivers/fsl_clock.o
                0x0000000000010f6c                CLOCK_GetOutClkFreq
 .text.CLOCK_GetFllFreq
                0x0000000000010fd0       0x74 ./drivers/fsl_clock.o
                0x0000000000010fd0                CLOCK_GetFllFreq
 .text.CLOCK_GetInternalRefClkFreq
                0x0000000000011044       0x24 ./drivers/fsl_clock.o
                0x0000000000011044                CLOCK_GetInternalRefClkFreq
 .text.CLOCK_GetFixedFreqClkFreq
                0x0000000000011068       0x30 ./drivers/fsl_clock.o
                0x0000000000011068                CLOCK_GetFixedFreqClkFreq
 .text.CLOCK_GetPll0Freq
                0x0000000000011098       0x58 ./drivers/fsl_clock.o
                0x0000000000011098                CLOCK_GetPll0Freq
 .text.CLOCK_SetExternalRefClkConfig
                0x00000000000110f0       0x90 ./drivers/fsl_clock.o
                0x00000000000110f0                CLOCK_SetExternalRefClkConfig
 .text.CLOCK_SetInternalRefClkConfig
                0x0000000000011180      0x104 ./drivers/fsl_clock.o
                0x0000000000011180                CLOCK_SetInternalRefClkConfig
 .text.CLOCK_EnablePll0
                0x0000000000011284       0x94 ./drivers/fsl_clock.o
                0x0000000000011284                CLOCK_EnablePll0
 .text.CLOCK_InitOsc0
                0x0000000000011318       0x8c ./drivers/fsl_clock.o
                0x0000000000011318                CLOCK_InitOsc0
 .text.CLOCK_SetPbeMode
                0x00000000000113a4       0x98 ./drivers/fsl_clock.o
                0x00000000000113a4                CLOCK_SetPbeMode
 .text.CLOCK_BootToPeeMode
                0x000000000001143c       0x74 ./drivers/fsl_clock.o
                0x000000000001143c                CLOCK_BootToPeeMode
 .text.__assert_func
                0x00000000000114b0       0x28 ./drivers/fsl_common.o
                0x00000000000114b0                __assert_func
 .text.NVIC_EnableIRQ
                0x00000000000114d8       0x30 ./drivers/fsl_enet.o
 .text.CLOCK_EnableClock
                0x0000000000011508       0x34 ./drivers/fsl_enet.o
 .text.EnableIRQ
                0x000000000001153c       0x1c ./drivers/fsl_enet.o
 .text.ENET_Reset
                0x0000000000011558       0x20 ./drivers/fsl_enet.o
 .text.ENET_GetSMI
                0x0000000000011578       0x28 ./drivers/fsl_enet.o
 .text.ENET_EnableSleepMode
                0x00000000000115a0       0x38 ./drivers/fsl_enet.o
 .text.ENET_EnableInterrupts
                0x00000000000115d8       0x20 ./drivers/fsl_enet.o
 .text.ENET_GetInstance
                0x00000000000115f8       0x54 ./drivers/fsl_enet.o
                0x00000000000115f8                ENET_GetInstance
 .text.ENET_GetDefaultConfig
                0x000000000001164c       0x54 ./drivers/fsl_enet.o
                0x000000000001164c                ENET_GetDefaultConfig
 .text.ENET_Init
                0x00000000000116a0      0x234 ./drivers/fsl_enet.o
                0x00000000000116a0                ENET_Init
 .text.ENET_SetCallback
                0x00000000000118d4       0x40 ./drivers/fsl_enet.o
                0x00000000000118d4                ENET_SetCallback
 .text.ENET_SetMacController
                0x0000000000011914      0x2b8 ./drivers/fsl_enet.o
 .text.ENET_SetTxBufferDescriptors
                0x0000000000011bcc       0xa4 ./drivers/fsl_enet.o
 .text.ENET_SetRxBufferDescriptors
                0x0000000000011c70       0xa8 ./drivers/fsl_enet.o
 .text.ENET_SetMacAddr
                0x0000000000011d18       0x5c ./drivers/fsl_enet.o
                0x0000000000011d18                ENET_SetMacAddr
 .text.ENET_SetSMI
                0x0000000000011d74       0x94 ./drivers/fsl_enet.o
                0x0000000000011d74                ENET_SetSMI
 .text.ENET_StartSMIWrite
                0x0000000000011e08       0x50 ./drivers/fsl_enet.o
                0x0000000000011e08                ENET_StartSMIWrite
 .text.ENET_StartSMIRead
                0x0000000000011e58       0x48 ./drivers/fsl_enet.o
                0x0000000000011e58                ENET_StartSMIRead
 .text.ENET_GetRxErrBeforeReadFrame
                0x0000000000011ea0      0x110 ./drivers/fsl_enet.o
                0x0000000000011ea0                ENET_GetRxErrBeforeReadFrame
 .text.ENET_GetRxFrameSize
                0x0000000000011fb0       0xf0 ./drivers/fsl_enet.o
                0x0000000000011fb0                ENET_GetRxFrameSize
 .text.ENET_ReadFrame
                0x00000000000120a0      0x188 ./drivers/fsl_enet.o
                0x00000000000120a0                ENET_ReadFrame
 .text.ENET_UpdateReadBuffers
                0x0000000000012228       0x98 ./drivers/fsl_enet.o
 .text.ENET_SendFrame
                0x00000000000122c0      0x1dc ./drivers/fsl_enet.o
                0x00000000000122c0                ENET_SendFrame
 .text.ENET_TransmitIRQHandler
                0x000000000001249c       0x5c ./drivers/fsl_enet.o
                0x000000000001249c                ENET_TransmitIRQHandler
 .text.ENET_ReceiveIRQHandler
                0x00000000000124f8       0x5c ./drivers/fsl_enet.o
                0x00000000000124f8                ENET_ReceiveIRQHandler
 .text.ENET_ErrorIRQHandler
                0x0000000000012554       0x98 ./drivers/fsl_enet.o
                0x0000000000012554                ENET_ErrorIRQHandler
 .text.ENET_Transmit_IRQHandler
                0x00000000000125ec       0x1c ./drivers/fsl_enet.o
                0x00000000000125ec                ENET_Transmit_IRQHandler
 .text.ENET_Receive_IRQHandler
                0x0000000000012608       0x1c ./drivers/fsl_enet.o
                0x0000000000012608                ENET_Receive_IRQHandler
 .text.ENET_Error_IRQHandler
                0x0000000000012624       0x1c ./drivers/fsl_enet.o
                0x0000000000012624                ENET_Error_IRQHandler
 .text.ENET_1588_Timer_IRQHandler
                0x0000000000012640        0xc ./drivers/fsl_enet.o
                0x0000000000012640                ENET_1588_Timer_IRQHandler
 .text.CLOCK_EnableClock
                0x000000000001264c       0x34 ./drivers/fsl_uart.o
 .text.UART_GetInstance
                0x0000000000012680       0x60 ./drivers/fsl_uart.o
                0x0000000000012680                UART_GetInstance
 .text.UART_Init
                0x00000000000126e0      0x250 ./drivers/fsl_uart.o
                0x00000000000126e0                UART_Init
 .text.UART_GetDefaultConfig
                0x0000000000012930       0x5c ./drivers/fsl_uart.o
                0x0000000000012930                UART_GetDefaultConfig
 .text.UART_GetStatusFlags
                0x000000000001298c       0x48 ./drivers/fsl_uart.o
                0x000000000001298c                UART_GetStatusFlags
 .text.UART_WriteBlocking
                0x00000000000129d4       0x40 ./drivers/fsl_uart.o
                0x00000000000129d4                UART_WriteBlocking
 .text.UART_ReadBlocking
                0x0000000000012a14       0x84 ./drivers/fsl_uart.o
                0x0000000000012a14                UART_ReadBlocking
 .text.UART0_DriverIRQHandler
                0x0000000000012a98       0x20 ./drivers/fsl_uart.o
                0x0000000000012a98                UART0_DriverIRQHandler
 .text.UART0_RX_TX_DriverIRQHandler
                0x0000000000012ab8        0xc ./drivers/fsl_uart.o
                0x0000000000012ab8                UART0_RX_TX_DriverIRQHandler
 .text.UART1_DriverIRQHandler
                0x0000000000012ac4       0x20 ./drivers/fsl_uart.o
                0x0000000000012ac4                UART1_DriverIRQHandler
 .text.UART1_RX_TX_DriverIRQHandler
                0x0000000000012ae4        0xc ./drivers/fsl_uart.o
                0x0000000000012ae4                UART1_RX_TX_DriverIRQHandler
 .text.UART2_DriverIRQHandler
                0x0000000000012af0       0x20 ./drivers/fsl_uart.o
                0x0000000000012af0                UART2_DriverIRQHandler
 .text.UART2_RX_TX_DriverIRQHandler
                0x0000000000012b10        0xc ./drivers/fsl_uart.o
                0x0000000000012b10                UART2_RX_TX_DriverIRQHandler
 .text.UART3_DriverIRQHandler
                0x0000000000012b1c       0x20 ./drivers/fsl_uart.o
                0x0000000000012b1c                UART3_DriverIRQHandler
 .text.UART3_RX_TX_DriverIRQHandler
                0x0000000000012b3c        0xc ./drivers/fsl_uart.o
                0x0000000000012b3c                UART3_RX_TX_DriverIRQHandler
 .text.UART4_DriverIRQHandler
                0x0000000000012b48       0x20 ./drivers/fsl_uart.o
                0x0000000000012b48                UART4_DriverIRQHandler
 .text.UART4_RX_TX_DriverIRQHandler
                0x0000000000012b68        0xc ./drivers/fsl_uart.o
                0x0000000000012b68                UART4_RX_TX_DriverIRQHandler
 .text.UART5_DriverIRQHandler
                0x0000000000012b74       0x20 ./drivers/fsl_uart.o
                0x0000000000012b74                UART5_DriverIRQHandler
 .text.UART5_RX_TX_DriverIRQHandler
                0x0000000000012b94        0xc ./drivers/fsl_uart.o
                0x0000000000012b94                UART5_RX_TX_DriverIRQHandler
 .text.BOARD_InitDebugConsole
                0x0000000000012ba0       0x24 ./board/board.o
                0x0000000000012ba0                BOARD_InitDebugConsole
 .text.CLOCK_SetXtal0Freq
                0x0000000000012bc4       0x1c ./board/clock_config.o
 .text.CLOCK_SetSimSafeDivs
                0x0000000000012be0       0x20 ./board/clock_config.o
 .text.BOARD_BootClockRUN
                0x0000000000012c00       0x58 ./board/clock_config.o
                0x0000000000012c00                BOARD_BootClockRUN
 .text.CLOCK_EnableClock
                0x0000000000012c58       0x34 ./board/fsl_phy.o
 .text.ENET_ReadSMIData
                0x0000000000012c8c       0x1c ./board/fsl_phy.o
 .text.ENET_GetInterruptStatus
                0x0000000000012ca8       0x18 ./board/fsl_phy.o
 .text.ENET_ClearInterruptStatus
                0x0000000000012cc0       0x1c ./board/fsl_phy.o
 .text.PHY_Init
                0x0000000000012cdc       0xc4 ./board/fsl_phy.o
                0x0000000000012cdc                PHY_Init
 .text.PHY_Write
                0x0000000000012da0       0x70 ./board/fsl_phy.o
                0x0000000000012da0                PHY_Write
 .text.PHY_Read
                0x0000000000012e10       0x98 ./board/fsl_phy.o
                0x0000000000012e10                PHY_Read
 .text.PHY_GetLinkStatus
                0x0000000000012ea8       0x68 ./board/fsl_phy.o
                0x0000000000012ea8                PHY_GetLinkStatus
 .text.PHY_GetLinkSpeedDuplex
                0x0000000000012f10       0x98 ./board/fsl_phy.o
                0x0000000000012f10                PHY_GetLinkSpeedDuplex
 .text.CLOCK_EnableClock
                0x0000000000012fa8       0x34 ./board/pin_mux.o
 .text.PORT_SetPinConfig
                0x0000000000012fdc       0x44 ./board/pin_mux.o
 .text.PORT_SetPinMux
                0x0000000000013020       0x38 ./board/pin_mux.o
 .text.BOARD_InitPins
                0x0000000000013058       0xf8 ./board/pin_mux.o
                0x0000000000013058                BOARD_InitPins
 .text.modf     0x0000000000013150       0xa4 /Applications/KDS_v3.app/Contents/toolchain/bin/../lib/gcc/arm-none-eabi/4.8.4/../../../../arm-none-eabi/lib/armv7e-m/fpu/libm.a(lib_a-s_modf.o)
                0x0000000000013150                modf
 .text.pow      0x00000000000131f4      0x340 /Applications/KDS_v3.app/Contents/toolchain/bin/../lib/gcc/arm-none-eabi/4.8.4/../../../../arm-none-eabi/lib/armv7e-m/fpu/libm.a(lib_a-w_pow.o)
                0x00000000000131f4                pow
 *fill*         0x0000000000013534        0x4 
 .text.__ieee754_pow
                0x0000000000013538      0xae8 /Applications/KDS_v3.app/Contents/toolchain/bin/../lib/gcc/arm-none-eabi/4.8.4/../../../../arm-none-eabi/lib/armv7e-m/fpu/libm.a(lib_a-e_pow.o)
                0x0000000000013538                __ieee754_pow
 .text.__ieee754_sqrt
                0x0000000000014020      0x198 /Applications/KDS_v3.app/Contents/toolchain/bin/../lib/gcc/arm-none-eabi/4.8.4/../../../../arm-none-eabi/lib/armv7e-m/fpu/libm.a(lib_a-e_sqrt.o)
                0x0000000000014020                __ieee754_sqrt
 .text.fabs     0x00000000000141b8       0x14 /Applications/KDS_v3.app/Contents/toolchain/bin/../lib/gcc/arm-none-eabi/4.8.4/../../../../arm-none-eabi/lib/armv7e-m/fpu/libm.a(lib_a-s_fabs.o)
                0x00000000000141b8                fabs
 .text.finite   0x00000000000141cc       0x10 /Applications/KDS_v3.app/Contents/toolchain/bin/../lib/gcc/arm-none-eabi/4.8.4/../../../../arm-none-eabi/lib/armv7e-m/fpu/libm.a(lib_a-s_finite.o)
                0x00000000000141cc                finite
 .text.__fpclassifyd
                0x00000000000141dc       0x54 /Applications/KDS_v3.app/Contents/toolchain/bin/../lib/gcc/arm-none-eabi/4.8.4/../../../../arm-none-eabi/lib/armv7e-m/fpu/libm.a(lib_a-s_fpclassify.o)
                0x00000000000141dc                __fpclassifyd
 .text.matherr  0x0000000000014230        0x4 /Applications/KDS_v3.app/Contents/toolchain/bin/../lib/gcc/arm-none-eabi/4.8.4/../../../../arm-none-eabi/lib/armv7e-m/fpu/libm.a(lib_a-s_matherr.o)
                0x0000000000014230                matherr
 *fill*         0x0000000000014234        0x4 
 .text.nan      0x0000000000014238       0x10 /Applications/KDS_v3.app/Contents/toolchain/bin/../lib/gcc/arm-none-eabi/4.8.4/../../../../arm-none-eabi/lib/armv7e-m/fpu/libm.a(lib_a-s_nan.o)
                0x0000000000014238                nan
 .text.rint     0x0000000000014248      0x120 /Applications/KDS_v3.app/Contents/toolchain/bin/../lib/gcc/arm-none-eabi/4.8.4/../../../../arm-none-eabi/lib/armv7e-m/fpu/libm.a(lib_a-s_rint.o)
                0x0000000000014248                rint
 .text.scalbn   0x0000000000014368      0x120 /Applications/KDS_v3.app/Contents/toolchain/bin/../lib/gcc/arm-none-eabi/4.8.4/../../../../arm-none-eabi/lib/armv7e-m/fpu/libm.a(lib_a-s_scalbn.o)
                0x0000000000014368                scalbn
 .text.copysign
                0x0000000000014488       0x24 /Applications/KDS_v3.app/Contents/toolchain/bin/../lib/gcc/arm-none-eabi/4.8.4/../../../../arm-none-eabi/lib/armv7e-m/fpu/libm.a(lib_a-s_copysign.o)
                0x0000000000014488                copysign
 .text.__errno  0x00000000000144ac        0xc /Applications/KDS_v3.app/Contents/toolchain/bin/../lib/gcc/arm-none-eabi/4.8.4/../../../../arm-none-eabi/lib/armv7e-m/fpu/libg_s.a(lib_a-errno.o)
                0x00000000000144ac                __errno
 .text.exit     0x00000000000144b8       0x28 /Applications/KDS_v3.app/Contents/toolchain/bin/../lib/gcc/arm-none-eabi/4.8.4/../../../../arm-none-eabi/lib/armv7e-m/fpu/libg_s.a(lib_a-exit.o)
                0x00000000000144b8                exit
 .text.__libc_init_array
                0x00000000000144e0       0x4c /Applications/KDS_v3.app/Contents/toolchain/bin/../lib/gcc/arm-none-eabi/4.8.4/../../../../arm-none-eabi/lib/armv7e-m/fpu/libg_s.a(lib_a-init.o)
                0x00000000000144e0                __libc_init_array
 .text.memcmp   0x000000000001452c       0x1e /Applications/KDS_v3.app/Contents/toolchain/bin/../lib/gcc/arm-none-eabi/4.8.4/../../../../arm-none-eabi/lib/armv7e-m/fpu/libg_s.a(lib_a-memcmp.o)
                0x000000000001452c                memcmp
 .text.memcpy   0x000000000001454a       0x12 /Applications/KDS_v3.app/Contents/toolchain/bin/../lib/gcc/arm-none-eabi/4.8.4/../../../../arm-none-eabi/lib/armv7e-m/fpu/libg_s.a(lib_a-memcpy-stub.o)
                0x000000000001454a                memcpy
 .text.memset   0x000000000001455c       0x10 /Applications/KDS_v3.app/Contents/toolchain/bin/../lib/gcc/arm-none-eabi/4.8.4/../../../../arm-none-eabi/lib/armv7e-m/fpu/libg_s.a(lib_a-memset.o)
                0x000000000001455c                memset
 .text.strlen   0x000000000001456c       0x10 /Applications/KDS_v3.app/Contents/toolchain/bin/../lib/gcc/arm-none-eabi/4.8.4/../../../../arm-none-eabi/lib/armv7e-m/fpu/libg_s.a(lib_a-strlen.o)
                0x000000000001456c                strlen
 .text._exit    0x000000000001457c        0x4 /Applications/KDS_v3.app/Contents/toolchain/bin/../lib/gcc/arm-none-eabi/4.8.4/../../../../arm-none-eabi/lib/armv7e-m/fpu/libnosys.a(_exit.o)
                0x000000000001457c                _exit
 *(.rodata)
 .rodata        0x0000000000014580      0x10c ./source/lwip_tcpecho_freertos.o
 .rodata        0x000000000001468c      0x220 ./lwip/src/netif/etharp.o
 .rodata        0x00000000000148ac      0x118 ./lwip/src/core/ipv4/icmp.o
 .rodata        0x00000000000149c4       0x3c ./lwip/src/core/ipv4/ip.o
 .rodata        0x0000000000014a00      0x178 ./lwip/src/core/ipv4/ip_frag.o
 .rodata        0x0000000000014b78      0x424 ./lwip/src/core/dhcp.o
 .rodata        0x0000000000014f9c       0x40 ./lwip/src/core/lwip_timers.o
 .rodata        0x0000000000014fdc      0x1c0 ./lwip/src/core/mem.o
 .rodata        0x000000000001519c      0x104 ./lwip/src/core/memp.o
 .rodata        0x00000000000152a0       0x18 ./lwip/src/core/netif.o
 .rodata        0x00000000000152b8      0x480 ./lwip/src/core/pbuf.o
 .rodata        0x0000000000015738      0x3d8 ./lwip/src/core/tcp.o
 .rodata        0x0000000000015b10      0x26c ./lwip/src/core/tcp_in.o
 .rodata        0x0000000000015d7c      0x3b0 ./lwip/src/core/tcp_out.o
 .rodata        0x000000000001612c       0x64 ./lwip/src/core/udp.o
 .rodata        0x0000000000016190      0x2b0 ./lwip/src/api/api_lib.o
 .rodata        0x0000000000016440      0x420 ./lwip/src/api/api_msg.o
 .rodata        0x0000000000016860      0x104 ./lwip/src/api/netbuf.o
 .rodata        0x0000000000016964       0x54 ./lwip/src/api/tcpip.o
 .rodata        0x00000000000169b8       0xb8 ./lwip/port/ethernetif.o
 .rodata        0x0000000000016a70        0x4 ./lwip/port/sys_arch.o
 .rodata        0x0000000000016a74       0x18 ./freertos/tasks.o
 .rodata        0x0000000000016a8c       0x10 ./freertos/timers.o
 .rodata        0x0000000000016a9c       0x78 ./drivers/fsl_clock.o
 .rodata        0x0000000000016b14       0x40 ./drivers/fsl_common.o
 .rodata        0x0000000000016b54      0x32c ./drivers/fsl_enet.o
 .rodata        0x0000000000016e80      0x100 ./drivers/fsl_uart.o
 .rodata        0x0000000000016f80       0x88 ./board/fsl_phy.o
 .rodata        0x0000000000017008       0x44 ./board/pin_mux.o
 *(.rodata*)
 .rodata.ethbroadcast
                0x000000000001704c        0x8 ./lwip/src/netif/etharp.o
                0x000000000001704c                ethbroadcast
 .rodata.ethzero
                0x0000000000017054        0x8 ./lwip/src/netif/etharp.o
                0x0000000000017054                ethzero
 .rodata.ip_addr_any
                0x000000000001705c        0x4 ./lwip/src/core/ipv4/ip_addr.o
                0x000000000001705c                ip_addr_any
 .rodata.ip_addr_broadcast
                0x0000000000017060        0x4 ./lwip/src/core/ipv4/ip_addr.o
                0x0000000000017060                ip_addr_broadcast
 .rodata.memp_sizes
                0x0000000000017064       0x1c ./lwip/src/core/memp.o
 .rodata.memp_num
                0x0000000000017080       0x1c ./lwip/src/core/memp.o
 .rodata.tcp_backoff
                0x000000000001709c       0x10 ./lwip/src/core/tcp.o
                0x000000000001709c                tcp_backoff
 .rodata.tcp_persist_backoff
                0x00000000000170ac        0x8 ./lwip/src/core/tcp.o
                0x00000000000170ac                tcp_persist_backoff
 .rodata.tcp_pcb_lists
                0x00000000000170b4       0x10 ./lwip/src/core/tcp.o
                0x00000000000170b4                tcp_pcb_lists
 .rodata.__func__.6316
                0x00000000000170c4       0x18 ./drivers/fsl_clock.o
 .rodata.__func__.6361
                0x00000000000170dc       0x18 ./drivers/fsl_clock.o
 .rodata.__func__.6369
                0x00000000000170f4       0x18 ./drivers/fsl_clock.o
 .rodata.fllFactorTable.6444
                0x000000000001710c       0x10 ./drivers/fsl_clock.o
 .rodata.__func__.6506
                0x000000000001711c       0x14 ./drivers/fsl_clock.o
 .rodata.__func__.6702
                0x0000000000017130       0x14 ./drivers/fsl_clock.o
 .rodata.s_enetClock
                0x0000000000017144        0x4 ./drivers/fsl_enet.o
                0x0000000000017144                s_enetClock
 .rodata.__func__.6558
                0x0000000000017148       0x14 ./drivers/fsl_enet.o
 .rodata.__func__.6562
                0x000000000001715c       0x18 ./drivers/fsl_enet.o
 .rodata.__func__.6571
                0x0000000000017174        0xc ./drivers/fsl_enet.o
 .rodata.__func__.6581
                0x0000000000017180       0x14 ./drivers/fsl_enet.o
 .rodata.__func__.6601
                0x0000000000017194       0x1c ./drivers/fsl_enet.o
 .rodata.__func__.6614
                0x00000000000171b0       0x1c ./drivers/fsl_enet.o
 .rodata.__func__.6643
                0x00000000000171cc        0xc ./drivers/fsl_enet.o
 .rodata.__func__.6666
                0x00000000000171d8       0x20 ./drivers/fsl_enet.o
 .rodata.__func__.6675
                0x00000000000171f8       0x14 ./drivers/fsl_enet.o
 .rodata.__func__.6686
                0x000000000001720c       0x10 ./drivers/fsl_enet.o
 .rodata.__func__.6701
                0x000000000001721c       0x18 ./drivers/fsl_enet.o
 .rodata.__func__.6710
                0x0000000000017234       0x10 ./drivers/fsl_enet.o
 .rodata.__func__.6750
                0x0000000000017244       0x18 ./drivers/fsl_enet.o
 .rodata.__func__.6755
                0x000000000001725c       0x18 ./drivers/fsl_enet.o
 .rodata.__func__.6760
                0x0000000000017274       0x18 ./drivers/fsl_enet.o
 .rodata.s_uartBases
                0x000000000001728c       0x18 ./drivers/fsl_uart.o
 .rodata.s_uartClock
                0x00000000000172a4       0x18 ./drivers/fsl_uart.o
 .rodata.__func__.6511
                0x00000000000172bc       0x14 ./drivers/fsl_uart.o
 .rodata.__func__.6525
                0x00000000000172d0        0xc ./drivers/fsl_uart.o
 .rodata.__func__.6541
                0x00000000000172dc       0x18 ./drivers/fsl_uart.o
 .rodata.g_defaultClockConfigRun
                0x00000000000172f4       0x20 ./board/clock_config.o
                0x00000000000172f4                g_defaultClockConfigRun
 .rodata.__func__.6597
                0x0000000000017314        0xc ./board/fsl_phy.o
 .rodata.__func__.6615
                0x0000000000017320       0x14 ./board/fsl_phy.o
 .rodata.__func__.6624
                0x0000000000017334       0x18 ./board/fsl_phy.o
 .rodata.__func__.6351
                0x000000000001734c       0x14 ./board/pin_mux.o
 .rodata.str1.4
                0x0000000000017360        0x4 /Applications/KDS_v3.app/Contents/toolchain/bin/../lib/gcc/arm-none-eabi/4.8.4/../../../../arm-none-eabi/lib/armv7e-m/fpu/libm.a(lib_a-w_pow.o)
 *fill*         0x0000000000017364        0x4 
 .rodata.dp_h   0x0000000000017368       0x10 /Applications/KDS_v3.app/Contents/toolchain/bin/../lib/gcc/arm-none-eabi/4.8.4/../../../../arm-none-eabi/lib/armv7e-m/fpu/libm.a(lib_a-e_pow.o)
 .rodata.dp_l   0x0000000000017378       0x10 /Applications/KDS_v3.app/Contents/toolchain/bin/../lib/gcc/arm-none-eabi/4.8.4/../../../../arm-none-eabi/lib/armv7e-m/fpu/libm.a(lib_a-e_pow.o)
 .rodata.bp     0x0000000000017388       0x10 /Applications/KDS_v3.app/Contents/toolchain/bin/../lib/gcc/arm-none-eabi/4.8.4/../../../../arm-none-eabi/lib/armv7e-m/fpu/libm.a(lib_a-e_pow.o)
 .rodata.str1.4
                0x0000000000017398        0x4 /Applications/KDS_v3.app/Contents/toolchain/bin/../lib/gcc/arm-none-eabi/4.8.4/../../../../arm-none-eabi/lib/armv7e-m/fpu/libm.a(lib_a-e_pow.o)
 *fill*         0x000000000001739c        0x4 
 .rodata.TWO52  0x00000000000173a0       0x10 /Applications/KDS_v3.app/Contents/toolchain/bin/../lib/gcc/arm-none-eabi/4.8.4/../../../../arm-none-eabi/lib/armv7e-m/fpu/libm.a(lib_a-s_rint.o)
 .rodata.str1.1
                0x00000000000173b0        0x2 /Applications/KDS_v3.app/Contents/toolchain/bin/../lib/gcc/arm-none-eabi/4.8.4/../../../../arm-none-eabi/lib/armv7e-m/fpu/libg_s.a(lib_a-impure.o)
 *fill*         0x00000000000173b2        0x2 
 .rodata._global_impure_ptr
                0x00000000000173b4        0x4 /Applications/KDS_v3.app/Contents/toolchain/bin/../lib/gcc/arm-none-eabi/4.8.4/../../../../arm-none-eabi/lib/armv7e-m/fpu/libg_s.a(lib_a-impure.o)
                0x00000000000173b4                _global_impure_ptr
 *(.glue_7)
 .glue_7        0x0000000000000000        0x0 linker stubs
 *(.glue_7t)
 .glue_7t       0x0000000000000000        0x0 linker stubs
 *(.eh_frame)
 .eh_frame      0x00000000000173b8        0x0 /Applications/KDS_v3.app/Contents/toolchain/bin/../lib/gcc/arm-none-eabi/4.8.4/armv7e-m/fpu/crtbegin.o
 *(.init)
 .init          0x00000000000173b8        0x4 /Applications/KDS_v3.app/Contents/toolchain/bin/../lib/gcc/arm-none-eabi/4.8.4/armv7e-m/fpu/crti.o
                0x00000000000173b8                _init
 .init          0x00000000000173bc        0x8 /Applications/KDS_v3.app/Contents/toolchain/bin/../lib/gcc/arm-none-eabi/4.8.4/armv7e-m/fpu/crtn.o
 *(.fini)
 .fini          0x00000000000173c4        0x4 /Applications/KDS_v3.app/Contents/toolchain/bin/../lib/gcc/arm-none-eabi/4.8.4/armv7e-m/fpu/crti.o
                0x00000000000173c4                _fini
 .fini          0x00000000000173c8        0x8 /Applications/KDS_v3.app/Contents/toolchain/bin/../lib/gcc/arm-none-eabi/4.8.4/armv7e-m/fpu/crtn.o
                0x00000000000173d0                . = ALIGN (0x4)

.vfp11_veneer   0x00000000000173d0        0x0
 .vfp11_veneer  0x0000000000000000        0x0 linker stubs

.v4_bx          0x00000000000173d0        0x0
 .v4_bx         0x0000000000000000        0x0 linker stubs

.iplt           0x00000000000173d0        0x0
 .iplt          0x0000000000000000        0x0 /Applications/KDS_v3.app/Contents/toolchain/bin/../lib/gcc/arm-none-eabi/4.8.4/armv7e-m/fpu/crtbegin.o

.ARM.extab
 *(.ARM.extab* .gnu.linkonce.armextab.*)

.ARM            0x00000000000173d0        0x8
                0x00000000000173d0                __exidx_start = .
 *(.ARM.exidx*)
 .ARM.exidx     0x00000000000173d0        0x8 /Applications/KDS_v3.app/Contents/toolchain/bin/../lib/gcc/arm-none-eabi/4.8.4/../../../../arm-none-eabi/lib/armv7e-m/fpu/crt0.o
 .ARM.exidx     0x00000000000173d8        0x0 /Applications/KDS_v3.app/Contents/toolchain/bin/../lib/gcc/arm-none-eabi/4.8.4/armv7e-m/fpu/libgcc.a(_divdi3.o)
                                          0x8 (size before relaxing)
 .ARM.exidx     0x00000000000173d8        0x0 /Applications/KDS_v3.app/Contents/toolchain/bin/../lib/gcc/arm-none-eabi/4.8.4/armv7e-m/fpu/libgcc.a(_udivdi3.o)
                                          0x8 (size before relaxing)
                0x00000000000173d8                __exidx_end = .

.rel.dyn        0x00000000000173d8        0x0
 .rel.iplt      0x0000000000000000        0x0 /Applications/KDS_v3.app/Contents/toolchain/bin/../lib/gcc/arm-none-eabi/4.8.4/armv7e-m/fpu/crtbegin.o

.ctors          0x00000000000173d8        0x0
                0x00000000000173d8                __CTOR_LIST__ = .
 *crtbegin.o(.ctors)
 *crtbegin?.o(.ctors)
 *(EXCLUDE_FILE(*crtend.o *crtend?.o) .ctors)
 *(SORT(.ctors.*))
 *(.ctors)
                0x00000000000173d8                __CTOR_END__ = .

.dtors          0x00000000000173d8        0x0
                0x00000000000173d8                __DTOR_LIST__ = .
 *crtbegin.o(.dtors)
 *crtbegin?.o(.dtors)
 *(EXCLUDE_FILE(*crtend.o *crtend?.o) .dtors)
 *(SORT(.dtors.*))
 *(.dtors)
                0x00000000000173d8                __DTOR_END__ = .

.preinit_array  0x00000000000173d8        0x0
                0x00000000000173d8                PROVIDE (__preinit_array_start, .)
 *(.preinit_array*)
                0x00000000000173d8                PROVIDE (__preinit_array_end, .)

.init_array     0x00000000000173d8        0x4
                0x00000000000173d8                PROVIDE (__init_array_start, .)
 *(SORT(.init_array.*))
 *(.init_array*)
 .init_array    0x00000000000173d8        0x4 /Applications/KDS_v3.app/Contents/toolchain/bin/../lib/gcc/arm-none-eabi/4.8.4/armv7e-m/fpu/crtbegin.o
                0x00000000000173dc                PROVIDE (__init_array_end, .)

.fini_array     0x00000000000173dc        0x4
                0x00000000000173dc                PROVIDE (__fini_array_start, .)
 *(SORT(.fini_array.*))
 *(.fini_array*)
 .fini_array    0x00000000000173dc        0x4 /Applications/KDS_v3.app/Contents/toolchain/bin/../lib/gcc/arm-none-eabi/4.8.4/armv7e-m/fpu/crtbegin.o
                0x00000000000173e0                PROVIDE (__fini_array_end, .)
                0x00000000000173e0                __etext = .
                0x00000000000173e0                __DATA_ROM = .

.interrupts_ram
                0x000000001fff0000      0x400
                0x000000001fff0000                . = ALIGN (0x4)